<html>
<body>
<pre>
<h1>�Vision Build Log</h1>
<h2>Tool Versions:</h2>
IDE-Version: �Vision V5.28.0.0
Copyright (C) 2019 ARM Ltd and ARM Germany GmbH. All rights reserved.
License Information: Kirill Somov, University of Dubna, LIC=----
 
Tool Versions:
Toolchain:       MDK-Lite  Version: 5.28.0.0
Toolchain Path:  C:\Keil_v5\ARM\ARMCC\Bin
C Compiler:      Armcc.exe V5.06 update 7 (build 960)
Assembler:       Armasm.exe V5.06 update 7 (build 960)
Linker/Locator:  ArmLink.exe V5.06 update 7 (build 960)
Library Manager: ArmAr.exe V5.06 update 7 (build 960)
Hex Converter:   FromElf.exe V5.06 update 7 (build 960)
CPU DLL:         SARMCM3.DLL V5.28.0.0
Dialog DLL:      DCM.DLL V1.17.3.0
Target DLL:      Segger\JL2CM3.dll V2.99.36.0
Dialog DLL:      TCM.DLL V1.36.2.0
 
<h2>Project:</h2>
C:\Users\Kirill\Documents\Projects\Keil\1986BE92QI\GUI_targetCryoController\GUI_targetCryoController.uvprojx
Project File Date:  03/14/2021

<h2>Output:</h2>
*** Using Compiler 'V5.06 update 7 (build 960)', folder: 'C:\Keil_v5\ARM\ARMCC\Bin'
Rebuild target 'Target 1'
compiling GUI_cryoTargetController.c...
compiling main.c...
compiling GUI.c...
compiling Font.c...
.\lib\HW_Layer\LCD_ILI9341.h(89): warning:  #231-D: declaration is not visible outside of function
                                                                                                        const struct fontInfo *fontInfoStruct);
.\lib\HW_Layer\LCD_ILI9341.h(92): warning:  #231-D: declaration is not visible outside of function
                                                                                                                const struct fontInfo *fontInfoStruct);
lib\Func_Layer\Font.c: 2 warnings, 0 errors
compiling Picture.c...
.\lib\HW_Layer\LCD_ILI9341.h(84): warning:  #231-D: declaration is not visible outside of function
                                                                                                                const   struct pictureInfo *pictureInfoStruct);                                                 // отрисовка картинки
lib\Func_Layer\Picture.c: 1 warning, 0 errors
compiling CPU.c...
compiling I2C.c...
compiling LCD_ILI9341.c...
compiling SPI.c...
compiling Timer.c...
compiling Touch_FT6236.c...
assembling startup_MDR32F9Qx.s...
compiling system_MDR32F9Qx.c...
linking...
Program Size: Code=8700 RO-data=6720 RW-data=28 ZI-data=2700  
FromELF: creating hex file...
".\Objects\GUI_targetCryoController.axf" - 0 Error(s), 3 Warning(s).

<h2>Software Packages used:</h2>

Package Vendor: ARM
                http://www.keil.com/pack/ARM.CMSIS.5.7.0.pack
                ARM.CMSIS.5.7.0
                CMSIS (Cortex Microcontroller Software Interface Standard)
   * Component: CORE Version: 5.4.0

Package Vendor: Keil
                http://www.keil.com/pack/Keil.MDR1986BExx.1.5.pack
                Keil.MDR1986BExx.1.5
                Milandr MDR1986BExx Series Device Support, Drivers and Examples
   * Component: Startup Version: 1.5

<h2>Collection of Component include folders:</h2>
  .\RTE\Device\MDR1986BE92
  .\RTE\_Target_1
  C:\Keil_v5\ARM\PACK\ARM\CMSIS\5.7.0\CMSIS\Core\Include
  C:\Keil_v5\ARM\PACK\Keil\MDR1986BExx\1.5\Config
  C:\Keil_v5\ARM\PACK\Keil\MDR1986BExx\1.5\Libraries\CMSIS\CM3\CoreSupport
  C:\Keil_v5\ARM\PACK\Keil\MDR1986BExx\1.5\Libraries\CMSIS\CM3\DeviceSupport\MDR32F9Qx\inc

<h2>Collection of Component Files used:</h2>

   * Component: ARM::CMSIS:CORE:5.4.0

   * Component: Keil::Device:Startup:1.5
      Source file:   Libraries\CMSIS\CM3\DeviceSupport\MDR32F9Qx\startup\arm\startup_MDR32F9Qx.s
      Include file:  Libraries\CMSIS\CM3\CoreSupport\core_cm3.h
      Include file:  Libraries\CMSIS\CM3\DeviceSupport\MDR32F9Qx\startup\arm\system_MDR32F9Qx.h
      Source file:   Libraries\CMSIS\CM3\DeviceSupport\MDR32F9Qx\startup\arm\system_MDR32F9Qx.c
      Include file:  Config\MDR32F9Qx_config.h
Build Time Elapsed:  00:00:07
</pre>
</body>
</html>
