Component: ARM Compiler 5.06 update 7 (build 960) Tool: armlink [4d3601]

==============================================================================

Section Cross References

    gui_cryotargetcontroller.o(i.GUI_CTC_buttonStateClick) refers to gui.o(i.GUI_buttonChangeMainColor) for GUI_buttonChangeMainColor
    gui_cryotargetcontroller.o(i.GUI_CTC_buttonStateClick) refers to gui.o(i.GUI_buttonChangeText) for GUI_buttonChangeText
    gui_cryotargetcontroller.o(i.GUI_CTC_buttonStateClick) refers to gui_cryotargetcontroller.o(i.GUI_CTC_labelState) for GUI_CTC_labelState
    gui_cryotargetcontroller.o(i.GUI_CTC_buttonStateClick) refers to gui.o(.bss) for GUI
    gui_cryotargetcontroller.o(i.GUI_CTC_buttonStateClick) refers to font.o(.constdata) for impact_18ptFontInfo
    gui_cryotargetcontroller.o(i.GUI_CTC_buttonTMinusClick) refers to gui_cryotargetcontroller.o(i.GUI_CTC_buttonTMinusDraw) for GUI_CTC_buttonTMinusDraw
    gui_cryotargetcontroller.o(i.GUI_CTC_buttonTMinusClick) refers to gui_cryotargetcontroller.o(i.GUI_CTC_labelTSetNum) for GUI_CTC_labelTSetNum
    gui_cryotargetcontroller.o(i.GUI_CTC_buttonTMinusClick) refers to gui_cryotargetcontroller.o(.data) for tempSetNum
    gui_cryotargetcontroller.o(i.GUI_CTC_buttonTMinusDraw) refers to gui.o(i.GUI_buttonChangeMainColor) for GUI_buttonChangeMainColor
    gui_cryotargetcontroller.o(i.GUI_CTC_buttonTMinusDraw) refers to gui.o(i.GUI_drawFilledFrame) for GUI_drawFilledFrame
    gui_cryotargetcontroller.o(i.GUI_CTC_buttonTMinusReturnColor) refers to gui_cryotargetcontroller.o(i.GUI_CTC_buttonTMinusDraw) for GUI_CTC_buttonTMinusDraw
    gui_cryotargetcontroller.o(i.GUI_CTC_buttonTMinusReturnColor) refers to gui.o(.bss) for GUI
    gui_cryotargetcontroller.o(i.GUI_CTC_buttonTPlusClick) refers to gui_cryotargetcontroller.o(i.GUI_CTC_buttonTPlusDraw) for GUI_CTC_buttonTPlusDraw
    gui_cryotargetcontroller.o(i.GUI_CTC_buttonTPlusClick) refers to gui_cryotargetcontroller.o(i.GUI_CTC_labelTSetNum) for GUI_CTC_labelTSetNum
    gui_cryotargetcontroller.o(i.GUI_CTC_buttonTPlusClick) refers to gui_cryotargetcontroller.o(.data) for tempSetNum
    gui_cryotargetcontroller.o(i.GUI_CTC_buttonTPlusDraw) refers to gui.o(i.GUI_buttonChangeMainColor) for GUI_buttonChangeMainColor
    gui_cryotargetcontroller.o(i.GUI_CTC_buttonTPlusDraw) refers to gui.o(i.GUI_drawFilledFrame) for GUI_drawFilledFrame
    gui_cryotargetcontroller.o(i.GUI_CTC_buttonTPlusReturnColor) refers to gui_cryotargetcontroller.o(i.GUI_CTC_buttonTPlusDraw) for GUI_CTC_buttonTPlusDraw
    gui_cryotargetcontroller.o(i.GUI_CTC_buttonTPlusReturnColor) refers to gui.o(.bss) for GUI
    gui_cryotargetcontroller.o(i.GUI_CTC_labelState) refers to gui.o(i.GUI_labelChangeMainColor) for GUI_labelChangeMainColor
    gui_cryotargetcontroller.o(i.GUI_CTC_labelState) refers to gui.o(i.GUI_labelChangeText) for GUI_labelChangeText
    gui_cryotargetcontroller.o(i.GUI_CTC_labelState) refers to font.o(.constdata) for impact_18ptFontInfo
    gui_cryotargetcontroller.o(i.GUI_CTC_labelTSetNum) refers to gui.o(i.GUI_intToStr) for GUI_intToStr
    gui_cryotargetcontroller.o(i.GUI_CTC_labelTSetNum) refers to gui.o(i.GUI_labelChangeText) for GUI_labelChangeText
    gui_cryotargetcontroller.o(i.GUI_CTC_labelTSetNum) refers to font.o(.constdata) for impact_18ptFontInfo
    gui_cryotargetcontroller.o(i.GUI_CTC_objAction) refers to gui_cryotargetcontroller.o(i.GUI_CTC_buttonTPlusReturnColor) for GUI_CTC_buttonTPlusReturnColor
    gui_cryotargetcontroller.o(i.GUI_CTC_objAction) refers to gui_cryotargetcontroller.o(i.GUI_CTC_buttonTMinusReturnColor) for GUI_CTC_buttonTMinusReturnColor
    gui_cryotargetcontroller.o(i.GUI_CTC_pageLogoInit) refers to lcd_ili9341.o(i.LCD_fill) for LCD_fill
    gui_cryotargetcontroller.o(i.GUI_CTC_pageLogoInit) refers to lcd_ili9341.o(i.LCD_printString) for LCD_printString
    gui_cryotargetcontroller.o(i.GUI_CTC_pageLogoInit) refers to lcd_ili9341.o(i.LCD_drawPicture) for LCD_drawPicture
    gui_cryotargetcontroller.o(i.GUI_CTC_pageLogoInit) refers to font.o(.constdata) for calibri_14ptFontInfo
    gui_cryotargetcontroller.o(i.GUI_CTC_pageLogoInit) refers to picture.o(.constdata) for logoJINRInfo
    gui_cryotargetcontroller.o(i.GUI_CTC_pageMainInit) refers to gui.o(i.GUI_objectListReset) for GUI_objectListReset
    gui_cryotargetcontroller.o(i.GUI_CTC_pageMainInit) refers to gui.o(i.GUI_objSetHandlerFunc) for GUI_objSetHandlerFunc
    gui_cryotargetcontroller.o(i.GUI_CTC_pageMainInit) refers to lcd_ili9341.o(i.LCD_fill) for LCD_fill
    gui_cryotargetcontroller.o(i.GUI_CTC_pageMainInit) refers to gui.o(i.GUI_drawFilledFrame) for GUI_drawFilledFrame
    gui_cryotargetcontroller.o(i.GUI_CTC_pageMainInit) refers to gui.o(i.GUI_createLabel) for GUI_createLabel
    gui_cryotargetcontroller.o(i.GUI_CTC_pageMainInit) refers to gui_cryotargetcontroller.o(i.GUI_CTC_objAction) for GUI_CTC_objAction
    gui_cryotargetcontroller.o(i.GUI_CTC_pageMainInit) refers to font.o(.constdata) for impact_18ptFontInfo
[...]
    gui_cryotargetcontroller.o(i.GUI_CTC_pageMainInit) refers to gui_cryotargetcontroller.o(i.GUI_CTC_buttonTPlusClick) for GUI_CTC_buttonTPlusClick
    gui_cryotargetcontroller.o(i.GUI_CTC_pageMainInit) refers to gui_cryotargetcontroller.o(i.GUI_CTC_buttonTMinusClick) for GUI_CTC_buttonTMinusClick
    gui_cryotargetcontroller.o(i.GUI_CTC_pageMainInit) refers to gui_cryotargetcontroller.o(i.GUI_CTC_buttonStateClick) for GUI_CTC_buttonStateClick
    main.o(i.main) refers to cpu.o(i.CPU_init) for CPU_init
    main.o(i.main) refers to timer.o(i.Timer3_Init) for Timer3_Init
    main.o(i.main) refers to spi.o(i.SPI2_Init) for SPI2_Init
    main.o(i.main) refers to i2c.o(i.I2C_init) for I2C_init
    main.o(i.main) refers to lcd_ili9341.o(i.LCD_init) for LCD_init
    main.o(i.main) refers to touch_ft6236.o(i.FT6236_init) for FT6236_init
    main.o(i.main) refers to lcd_ili9341.o(i.LCD_fill) for LCD_fill
    main.o(i.main) refers to timer.o(i.Timer1_init) for Timer1_init
    main.o(i.main) refers to gui_cryotargetcontroller.o(i.GUI_CTC_pageLogoInit) for GUI_CTC_pageLogoInit
    main.o(i.main) refers to timer.o(i.delay_ms) for delay_ms
    main.o(i.main) refers to gui_cryotargetcontroller.o(i.GUI_CTC_pageMainInit) for GUI_CTC_pageMainInit
    main.o(i.main) refers to gui.o(i.GUI_Handler) for GUI_Handler
    gui.o(i.GUI_Handler) refers to gui.o(i.GUI_getTouchPoint) for GUI_getTouchPoint
    gui.o(i.GUI_Handler) refers to gui.o(i.GUI_objHandler) for GUI_objHandler
    gui.o(i.GUI_Handler) refers to gui.o(.bss) for GUI
    gui.o(i.GUI_buttonChangeMainColor) refers to gui.o(i.GUI_drawFilledFrame) for GUI_drawFilledFrame
    gui.o(i.GUI_buttonChangeMainColor) refers to gui.o(i.GUI_buttonChangeText) for GUI_buttonChangeText
    gui.o(i.GUI_buttonChangeMainColor) refers to gui.o(.bss) for GUI
    gui.o(i.GUI_buttonChangeText) refers to gui.o(i.GUI_drawFilledFrame) for GUI_drawFilledFrame
    gui.o(i.GUI_buttonChangeText) refers to lcd_ili9341.o(i.LCD_printString) for LCD_printString
    gui.o(i.GUI_buttonChangeText) refers to gui.o(.bss) for GUI
    gui.o(i.GUI_canvasChangePenColor) refers to gui.o(.bss) for GUI
    gui.o(i.GUI_canvasClear) refers to lcd_ili9341.o(i.LCD_drawFilledRectangle) for LCD_drawFilledRectangle
    gui.o(i.GUI_canvasClear) refers to gui.o(.bss) for GUI
    gui.o(i.GUI_canvasSetPenEraser) refers to gui.o(.bss) for GUI
    gui.o(i.GUI_createButton) refers to gui.o(i.GUI_drawFilledFrame) for GUI_drawFilledFrame
    gui.o(i.GUI_createButton) refers to lcd_ili9341.o(i.LCD_printString) for LCD_printString
    gui.o(i.GUI_createButton) refers to gui.o(.bss) for GUI
    gui.o(i.GUI_createCanvas) refers to gui.o(i.GUI_drawFilledFrame) for GUI_drawFilledFrame
    gui.o(i.GUI_createCanvas) refers to gui.o(.bss) for GUI
    gui.o(i.GUI_createLabel) refers to gui.o(i.GUI_drawFilledFrame) for GUI_drawFilledFrame
    gui.o(i.GUI_createLabel) refers to lcd_ili9341.o(i.LCD_printString) for LCD_printString
    gui.o(i.GUI_createLabel) refers to gui.o(.bss) for GUI
    gui.o(i.GUI_drawFilledFrame) refers to lcd_ili9341.o(i.LCD_drawFilledRectangle) for LCD_drawFilledRectangle
    gui.o(i.GUI_drawFrame) refers to lcd_ili9341.o(i.LCD_drawFilledRectangle) for LCD_drawFilledRectangle
    gui.o(i.GUI_drawPoint) refers to lcd_ili9341.o(i.LCD_drawPixel) for LCD_drawPixel
    gui.o(i.GUI_drawPoint) refers to lcd_ili9341.o(i.LCD_drawFilledRectangle) for LCD_drawFilledRectangle
    gui.o(i.GUI_drawPoint) refers to gui.o(.bss) for GUI
    gui.o(i.GUI_floatToStr) refers to fmul.o(x$fpl$fmul) for __aeabi_fmul
    gui.o(i.GUI_floatToStr) refers to ffix.o(x$fpl$ffix) for __aeabi_f2iz
    gui.o(i.GUI_floatToStr) refers to fleqf.o(x$fpl$fleqf) for __aeabi_cfcmple
    gui.o(i.GUI_getTouchPoint) refers to touch_ft6236.o(i.FT6236_checkInt) for FT6236_checkInt
    gui.o(i.GUI_getTouchPoint) refers to touch_ft6236.o(i.FT6236_get_Tpoint) for FT6236_get_Tpoint
    gui.o(i.GUI_getTouchPoint) refers to gui.o(.bss) for GUI
    gui.o(i.GUI_getTouchPoint) refers to touch_ft6236.o(.data) for FT6236_Tpoint
    gui.o(i.GUI_labelChangeMainColor) refers to gui.o(i.GUI_drawFilledFrame) for GUI_drawFilledFrame
    gui.o(i.GUI_labelChangeMainColor) refers to gui.o(i.GUI_labelChangeText) for GUI_labelChangeText
    gui.o(i.GUI_labelChangeMainColor) refers to gui.o(.bss) for GUI
    gui.o(i.GUI_labelChangeText) refers to gui.o(i.GUI_drawFilledFrame) for GUI_drawFilledFrame
    gui.o(i.GUI_labelChangeText) refers to lcd_ili9341.o(i.LCD_printString) for LCD_printString
    gui.o(i.GUI_labelChangeText) refers to gui.o(.bss) for GUI
    gui.o(i.GUI_objHandler) refers to gui.o(.bss) for GUI
    gui.o(i.GUI_objSetHandlerFunc) refers to gui.o(.bss) for GUI
    gui.o(i.GUI_objectListReset) refers to gui.o(.bss) for GUI
    cpu.o(i.CPU_init) refers to cpu.o(i.Clock_Set) for Clock_Set
    cpu.o(i.CPU_init) refers to cpu.o(i.PLL_init) for PLL_init
    cpu.o(i.CPU_init) refers to cpu.o(i.CPU_set) for CPU_set
    cpu.o(i.PLL_init) refers to system_mdr32f9qx.o(i.SystemCoreClockUpdate) for SystemCoreClockUpdate
    i2c.o(i.I2C_init) refers to i2c.o(i.I2C_port_init) for I2C_port_init
    i2c.o(i.I2C_init) refers to i2c.o(i.I2C_reset) for I2C_reset
    lcd_ili9341.o(i.LCD_drawFilledRectangle) refers to lcd_ili9341.o(i.LCD_setCursorPosition) for LCD_setCursorPosition
    lcd_ili9341.o(i.LCD_drawFilledRectangle) refers to lcd_ili9341.o(i.LCD_sendCommand) for LCD_sendCommand
    lcd_ili9341.o(i.LCD_drawFilledRectangle) refers to lcd_ili9341.o(i.LCD_sendData) for LCD_sendData
    lcd_ili9341.o(i.LCD_drawPicture) refers to lcd_ili9341.o(i.LCD_drawPixel) for LCD_drawPixel
    lcd_ili9341.o(i.LCD_drawPixel) refers to lcd_ili9341.o(i.LCD_setCursorPosition) for LCD_setCursorPosition
    lcd_ili9341.o(i.LCD_drawPixel) refers to lcd_ili9341.o(i.LCD_sendCommand) for LCD_sendCommand
    lcd_ili9341.o(i.LCD_drawPixel) refers to lcd_ili9341.o(i.LCD_sendData) for LCD_sendData
    lcd_ili9341.o(i.LCD_fill) refers to lcd_ili9341.o(i.LCD_setCursorPosition) for LCD_setCursorPosition
    lcd_ili9341.o(i.LCD_fill) refers to lcd_ili9341.o(i.LCD_sendCommand) for LCD_sendCommand
    lcd_ili9341.o(i.LCD_fill) refers to lcd_ili9341.o(i.LCD_sendData) for LCD_sendData
    lcd_ili9341.o(i.LCD_init) refers to lcd_ili9341.o(i.LCD_portCfg) for LCD_portCfg
    lcd_ili9341.o(i.LCD_init) refers to lcd_ili9341.o(i.LCD_sendCommand) for LCD_sendCommand
    lcd_ili9341.o(i.LCD_init) refers to timer.o(i.delay_ms) for delay_ms
    lcd_ili9341.o(i.LCD_init) refers to lcd_ili9341.o(i.LCD_sendData) for LCD_sendData
    lcd_ili9341.o(i.LCD_printChar) refers to lcd_ili9341.o(i.LCD_drawPixel) for LCD_drawPixel
    lcd_ili9341.o(i.LCD_printString) refers to lcd_ili9341.o(i.LCD_printChar) for LCD_printChar
    lcd_ili9341.o(i.LCD_sendCommand) refers to spi.o(i.SPI2_sendData) for SPI2_sendData
    lcd_ili9341.o(i.LCD_sendData) refers to spi.o(i.SPI2_sendData) for SPI2_sendData
    lcd_ili9341.o(i.LCD_setCursorPosition) refers to lcd_ili9341.o(i.LCD_sendCommand) for LCD_sendCommand
    lcd_ili9341.o(i.LCD_setCursorPosition) refers to lcd_ili9341.o(i.LCD_sendData) for LCD_sendData
    spi.o(i.SPI2_Init) refers to spi.o(i.SPI2_PortCfg) for SPI2_PortCfg
    spi.o(i.SPI2_Init) refers to spi.o(i.SPI2_Reset) for SPI2_Reset
    timer.o(i.EXT_INT3_IRQHandler) refers to timer.o(.data) for extFlag
    timer.o(i.Timer1_IRQHandler) refers to timer.o(i.__NVIC_ClearPendingIRQ) for __NVIC_ClearPendingIRQ
    timer.o(i.Timer1_IRQHandler) refers to gui.o(.bss) for GUI
    timer.o(i.Timer1_init) refers to timer.o(i.__NVIC_EnableIRQ) for __NVIC_EnableIRQ
    timer.o(i.Timer2_IRQHandler) refers to timer.o(i.__NVIC_ClearPendingIRQ) for __NVIC_ClearPendingIRQ
    timer.o(i.Timer2_IRQHandler) refers to timer.o(.data) for extFlag
    timer.o(i.Timer2_Init) refers to timer.o(i.__NVIC_EnableIRQ) for __NVIC_EnableIRQ
    timer.o(i.Timer3_IRQHandler) refers to timer.o(i.__NVIC_ClearPendingIRQ) for __NVIC_ClearPendingIRQ
    timer.o(i.Timer3_IRQHandler) refers to timer.o(.data) for Delay_dec
    timer.o(i.Timer3_Init) refers to timer.o(i.__NVIC_EnableIRQ) for __NVIC_EnableIRQ
    timer.o(i.delay_ms) refers to timer.o(.data) for Delay_dec
    timer.o(i.delay_us) refers to timer.o(.data) for Delay_dec
    touch_ft6236.o(i.FT6236_get_Tpoint) refers to i2c.o(i.I2C_read_data_burst) for I2C_read_data_burst
    touch_ft6236.o(i.FT6236_init) refers to touch_ft6236.o(i.FT6236_ports_init) for FT6236_ports_init
    touch_ft6236.o(i.FT6236_init) refers to touch_ft6236.o(i.FT6236_reset) for FT6236_reset
    touch_ft6236.o(i.FT6236_init) refers to i2c.o(i.I2C_write_data) for I2C_write_data
    touch_ft6236.o(i.FT6236_reset) refers to timer.o(i.delay_ms) for delay_ms
    startup_mdr32f9qx.o(STACK) refers (Special) to heapauxi.o(.text) for __use_two_region_memory
    startup_mdr32f9qx.o(HEAP) refers (Special) to heapauxi.o(.text) for __use_two_region_memory
    startup_mdr32f9qx.o(RESET) refers (Special) to heapauxi.o(.text) for __use_two_region_memory
    startup_mdr32f9qx.o(RESET) refers to startup_mdr32f9qx.o(STACK) for __initial_sp
    startup_mdr32f9qx.o(RESET) refers to startup_mdr32f9qx.o(.text) for Reset_Handler
    startup_mdr32f9qx.o(RESET) refers to timer.o(i.Timer1_IRQHandler) for Timer1_IRQHandler
    startup_mdr32f9qx.o(RESET) refers to timer.o(i.Timer2_IRQHandler) for Timer2_IRQHandler
    startup_mdr32f9qx.o(RESET) refers to timer.o(i.Timer3_IRQHandler) for Timer3_IRQHandler
    startup_mdr32f9qx.o(RESET) refers to timer.o(i.EXT_INT3_IRQHandler) for EXT_INT3_IRQHandler
    startup_mdr32f9qx.o(.text) refers (Special) to heapauxi.o(.text) for __use_two_region_memory
    startup_mdr32f9qx.o(.text) refers to system_mdr32f9qx.o(i.SystemInit) for SystemInit
    startup_mdr32f9qx.o(.text) refers to __main.o(!!!main) for __main
    startup_mdr32f9qx.o(.text) refers to startup_mdr32f9qx.o(HEAP) for Heap_Mem
    startup_mdr32f9qx.o(.text) refers to startup_mdr32f9qx.o(STACK) for Stack_Mem
    system_mdr32f9qx.o(i.SystemCoreClockUpdate) refers to system_mdr32f9qx.o(.data) for SystemCoreClock
    system_mdr32f9qx.o(i.SystemInit) refers to system_mdr32f9qx.o(i.SystemCoreClockUpdate) for SystemCoreClockUpdate
    __main.o(!!!main) refers to __rtentry.o(.ARM.Collect$$rtentry$$00000000) for __rt_entry
    ffix.o(x$fpl$ffix) refers (Special) to usenofp.o(x$fpl$usenofp) for __I$use$fp
    ffix.o(x$fpl$ffix) refers to fnaninf.o(x$fpl$fnaninf) for __fpl_fnaninf
    ffix.o(x$fpl$ffixr) refers (Special) to usenofp.o(x$fpl$usenofp) for __I$use$fp
    ffix.o(x$fpl$ffixr) refers to fnaninf.o(x$fpl$fnaninf) for __fpl_fnaninf
    fleqf.o(x$fpl$fleqf) refers (Special) to usenofp.o(x$fpl$usenofp) for __I$use$fp
    fleqf.o(x$fpl$fleqf) refers to fnaninf.o(x$fpl$fnaninf) for __fpl_fnaninf
    fleqf.o(x$fpl$fleqf) refers to fcmpi.o(x$fpl$fcmpinf) for __fpl_fcmp_Inf
    fmul.o(x$fpl$fmul) refers (Special) to usenofp.o(x$fpl$usenofp) for __I$use$fp
    fmul.o(x$fpl$fmul) refers to fretinf.o(x$fpl$fretinf) for __fpl_fretinf
    fmul.o(x$fpl$fmul) refers to fnaninf.o(x$fpl$fnaninf) for __fpl_fnaninf
    __rtentry.o(.ARM.Collect$$rtentry$$00000000) refers (Special) to __rtentry2.o(.ARM.Collect$$rtentry$$0000000A) for __rt_entry_li
    __rtentry.o(.ARM.Collect$$rtentry$$00000000) refers (Special) to __rtentry2.o(.ARM.Collect$$rtentry$$0000000D) for __rt_entry_main
    __rtentry.o(.ARM.Collect$$rtentry$$00000000) refers (Special) to __rtentry2.o(.ARM.Collect$$rtentry$$0000000C) for __rt_entry_postli_1
    __rtentry.o(.ARM.Collect$$rtentry$$00000000) refers (Special) to __rtentry2.o(.ARM.Collect$$rtentry$$00000009) for __rt_entry_postsh_1
    __rtentry.o(.ARM.Collect$$rtentry$$00000000) refers (Special) to __rtentry2.o(.ARM.Collect$$rtentry$$00000002) for __rt_entry_presh_1
    __rtentry.o(.ARM.Collect$$rtentry$$00000000) refers (Special) to __rtentry4.o(.ARM.Collect$$rtentry$$00000004) for __rt_entry_sh
    fcmpi.o(x$fpl$fcmpinf) refers (Special) to usenofp.o(x$fpl$usenofp) for __I$use$fp
    fnaninf.o(x$fpl$fnaninf) refers (Special) to usenofp.o(x$fpl$usenofp) for __I$use$fp
    fretinf.o(x$fpl$fretinf) refers (Special) to usenofp.o(x$fpl$usenofp) for __I$use$fp
    __rtentry2.o(.ARM.Collect$$rtentry$$00000008) refers to boardinit2.o(.text) for _platform_post_stackheap_init
    __rtentry2.o(.ARM.Collect$$rtentry$$0000000A) refers to libinit.o(.ARM.Collect$$libinit$$00000000) for __rt_lib_init
    __rtentry2.o(.ARM.Collect$$rtentry$$0000000B) refers to boardinit3.o(.text) for _platform_post_lib_init
    __rtentry2.o(.ARM.Collect$$rtentry$$0000000D) refers to main.o(i.main) for main
    __rtentry2.o(.ARM.Collect$$rtentry$$0000000D) refers to exit.o(.text) for exit
    __rtentry2.o(.ARM.exidx) refers to __rtentry2.o(.ARM.Collect$$rtentry$$00000001) for .ARM.Collect$$rtentry$$00000001
    __rtentry2.o(.ARM.exidx) refers to __rtentry2.o(.ARM.Collect$$rtentry$$00000008) for .ARM.Collect$$rtentry$$00000008
    __rtentry2.o(.ARM.exidx) refers to __rtentry2.o(.ARM.Collect$$rtentry$$0000000A) for .ARM.Collect$$rtentry$$0000000A
    __rtentry2.o(.ARM.exidx) refers to __rtentry2.o(.ARM.Collect$$rtentry$$0000000B) for .ARM.Collect$$rtentry$$0000000B
    __rtentry2.o(.ARM.exidx) refers to __rtentry2.o(.ARM.Collect$$rtentry$$0000000D) for .ARM.Collect$$rtentry$$0000000D
    __rtentry4.o(.ARM.Collect$$rtentry$$00000004) refers to sys_stackheap_outer.o(.text) for __user_setup_stackheap
    __rtentry4.o(.ARM.exidx) refers to __rtentry4.o(.ARM.Collect$$rtentry$$00000004) for .ARM.Collect$$rtentry$$00000004
    sys_stackheap_outer.o(.text) refers to libspace.o(.text) for __user_perproc_libspace
    sys_stackheap_outer.o(.text) refers to startup_mdr32f9qx.o(.text) for __user_initial_stackheap
    exit.o(.text) refers to rtexit.o(.ARM.Collect$$rtexit$$00000000) for __rt_exit
    libinit.o(.ARM.Collect$$libinit$$00000000) refers (Special) to libinit2.o(.ARM.Collect$$libinit$$0000002E) for __rt_lib_init_alloca_1
    libinit.o(.ARM.Collect$$libinit$$00000000) refers (Special) to libinit2.o(.ARM.Collect$$libinit$$0000002C) for __rt_lib_init_argv_1
    libinit.o(.ARM.Collect$$libinit$$00000000) refers (Special) to libinit2.o(.ARM.Collect$$libinit$$0000001B) for __rt_lib_init_atexit_1
    libinit.o(.ARM.Collect$$libinit$$00000000) refers (Special) to libinit2.o(.ARM.Collect$$libinit$$00000021) for __rt_lib_init_clock_1
    libinit.o(.ARM.Collect$$libinit$$00000000) refers (Special) to libinit2.o(.ARM.Collect$$libinit$$00000032) for __rt_lib_init_cpp_1
    libinit.o(.ARM.Collect$$libinit$$00000000) refers (Special) to libinit2.o(.ARM.Collect$$libinit$$00000030) for __rt_lib_init_exceptions_1
    libinit.o(.ARM.Collect$$libinit$$00000000) refers (Special) to libinit2.o(.ARM.Collect$$libinit$$00000002) for __rt_lib_init_fp_1
    libinit.o(.ARM.Collect$$libinit$$00000000) refers (Special) to libinit2.o(.ARM.Collect$$libinit$$0000001F) for __rt_lib_init_fp_trap_1
    libinit.o(.ARM.Collect$$libinit$$00000000) refers (Special) to libinit2.o(.ARM.Collect$$libinit$$00000023) for __rt_lib_init_getenv_1
    libinit.o(.ARM.Collect$$libinit$$00000000) refers (Special) to libinit2.o(.ARM.Collect$$libinit$$0000000A) for __rt_lib_init_heap_1
    libinit.o(.ARM.Collect$$libinit$$00000000) refers (Special) to libinit2.o(.ARM.Collect$$libinit$$00000011) for __rt_lib_init_lc_collate_1
    libinit.o(.ARM.Collect$$libinit$$00000000) refers (Special) to libinit2.o(.ARM.Collect$$libinit$$00000013) for __rt_lib_init_lc_ctype_1
    libinit.o(.ARM.Collect$$libinit$$00000000) refers (Special) to libinit2.o(.ARM.Collect$$libinit$$00000015) for __rt_lib_init_lc_monetary_1
    libinit.o(.ARM.Collect$$libinit$$00000000) refers (Special) to libinit2.o(.ARM.Collect$$libinit$$00000017) for __rt_lib_init_lc_numeric_1
    libinit.o(.ARM.Collect$$libinit$$00000000) refers (Special) to libinit2.o(.ARM.Collect$$libinit$$00000019) for __rt_lib_init_lc_time_1
    libinit.o(.ARM.Collect$$libinit$$00000000) refers (Special) to libinit2.o(.ARM.Collect$$libinit$$00000004) for __rt_lib_init_preinit_1
    libinit.o(.ARM.Collect$$libinit$$00000000) refers (Special) to libinit2.o(.ARM.Collect$$libinit$$0000000E) for __rt_lib_init_rand_1
    libinit.o(.ARM.Collect$$libinit$$00000000) refers (Special) to libinit2.o(.ARM.Collect$$libinit$$00000033) for __rt_lib_init_return
    libinit.o(.ARM.Collect$$libinit$$00000000) refers (Special) to libinit2.o(.ARM.Collect$$libinit$$0000001D) for __rt_lib_init_signal_1
    libinit.o(.ARM.Collect$$libinit$$00000000) refers (Special) to libinit2.o(.ARM.Collect$$libinit$$00000025) for __rt_lib_init_stdio_1
    libinit.o(.ARM.Collect$$libinit$$00000000) refers (Special) to libinit2.o(.ARM.Collect$$libinit$$0000000C) for __rt_lib_init_user_alloc_1
    libspace.o(.text) refers to libspace.o(.bss) for __libspace_start
    rtexit.o(.ARM.Collect$$rtexit$$00000000) refers (Special) to rtexit2.o(.ARM.Collect$$rtexit$$00000004) for __rt_exit_exit
    rtexit.o(.ARM.Collect$$rtexit$$00000000) refers (Special) to rtexit2.o(.ARM.Collect$$rtexit$$00000003) for __rt_exit_ls
    rtexit.o(.ARM.Collect$$rtexit$$00000000) refers (Special) to rtexit2.o(.ARM.Collect$$rtexit$$00000002) for __rt_exit_prels_1
    rtexit.o(.ARM.exidx) refers (Special) to rtexit2.o(.ARM.Collect$$rtexit$$00000004) for __rt_exit_exit
    rtexit.o(.ARM.exidx) refers (Special) to rtexit2.o(.ARM.Collect$$rtexit$$00000003) for __rt_exit_ls
    rtexit.o(.ARM.exidx) refers (Special) to rtexit2.o(.ARM.Collect$$rtexit$$00000002) for __rt_exit_prels_1
    rtexit.o(.ARM.exidx) refers to rtexit.o(.ARM.Collect$$rtexit$$00000000) for .ARM.Collect$$rtexit$$00000000
    libinit2.o(.ARM.Collect$$libinit$$00000010) refers to libinit2.o(.ARM.Collect$$libinit$$0000000F) for .ARM.Collect$$libinit$$0000000F
    libinit2.o(.ARM.Collect$$libinit$$00000012) refers to libinit2.o(.ARM.Collect$$libinit$$0000000F) for .ARM.Collect$$libinit$$0000000F
    libinit2.o(.ARM.Collect$$libinit$$00000014) refers to libinit2.o(.ARM.Collect$$libinit$$0000000F) for .ARM.Collect$$libinit$$0000000F
    libinit2.o(.ARM.Collect$$libinit$$00000016) refers to libinit2.o(.ARM.Collect$$libinit$$0000000F) for .ARM.Collect$$libinit$$0000000F
    libinit2.o(.ARM.Collect$$libinit$$00000018) refers to libinit2.o(.ARM.Collect$$libinit$$0000000F) for .ARM.Collect$$libinit$$0000000F
    libinit2.o(.ARM.Collect$$libinit$$00000026) refers to argv_veneer.o(.emb_text) for __ARM_argv_veneer
    libinit2.o(.ARM.Collect$$libinit$$00000027) refers to argv_veneer.o(.emb_text) for __ARM_argv_veneer
    rtexit2.o(.ARM.Collect$$rtexit$$00000003) refers to libshutdown.o(.ARM.Collect$$libshutdown$$00000000) for __rt_lib_shutdown
    rtexit2.o(.ARM.Collect$$rtexit$$00000004) refers to sys_exit.o(.text) for _sys_exit
    rtexit2.o(.ARM.exidx) refers to rtexit2.o(.ARM.Collect$$rtexit$$00000001) for .ARM.Collect$$rtexit$$00000001
    rtexit2.o(.ARM.exidx) refers to rtexit2.o(.ARM.Collect$$rtexit$$00000003) for .ARM.Collect$$rtexit$$00000003
    rtexit2.o(.ARM.exidx) refers to rtexit2.o(.ARM.Collect$$rtexit$$00000004) for .ARM.Collect$$rtexit$$00000004
    argv_veneer.o(.emb_text) refers to no_argv.o(.text) for __ARM_get_argv
    sys_exit.o(.text) refers (Special) to use_no_semi.o(.text) for __I$use$semihosting
    sys_exit.o(.text) refers (Special) to indicate_semi.o(.text) for __semihosting_library_function
    _get_argv_nomalloc.o(.text) refers (Special) to hrguard.o(.text) for __heap_region$guard
    _get_argv_nomalloc.o(.text) refers to defsig_rtmem_outer.o(.text) for __rt_SIGRTMEM
    _get_argv_nomalloc.o(.text) refers to sys_command.o(.text) for _sys_command_string
    libshutdown.o(.ARM.Collect$$libshutdown$$00000000) refers (Special) to libshutdown2.o(.ARM.Collect$$libshutdown$$00000004) for __rt_lib_shutdown_cpp_1
    libshutdown.o(.ARM.Collect$$libshutdown$$00000000) refers (Special) to libshutdown2.o(.ARM.Collect$$libshutdown$$00000002) for __rt_lib_shutdown_fini_1
    libshutdown.o(.ARM.Collect$$libshutdown$$00000000) refers (Special) to libshutdown2.o(.ARM.Collect$$libshutdown$$00000009) for __rt_lib_shutdown_fp_trap_1
    libshutdown.o(.ARM.Collect$$libshutdown$$00000000) refers (Special) to libshutdown2.o(.ARM.Collect$$libshutdown$$00000011) for __rt_lib_shutdown_heap_1
    libshutdown.o(.ARM.Collect$$libshutdown$$00000000) refers (Special) to libshutdown2.o(.ARM.Collect$$libshutdown$$00000012) for __rt_lib_shutdown_return
    libshutdown.o(.ARM.Collect$$libshutdown$$00000000) refers (Special) to libshutdown2.o(.ARM.Collect$$libshutdown$$0000000C) for __rt_lib_shutdown_signal_1
    libshutdown.o(.ARM.Collect$$libshutdown$$00000000) refers (Special) to libshutdown2.o(.ARM.Collect$$libshutdown$$00000006) for __rt_lib_shutdown_stdio_1
    libshutdown.o(.ARM.Collect$$libshutdown$$00000000) refers (Special) to libshutdown2.o(.ARM.Collect$$libshutdown$$0000000E) for __rt_lib_shutdown_user_alloc_1
    sys_command.o(.text) refers (Special) to use_no_semi.o(.text) for __I$use$semihosting
    sys_command.o(.text) refers (Special) to indicate_semi.o(.text) for __semihosting_library_function
    defsig_rtmem_outer.o(.text) refers to defsig_rtmem_inner.o(.text) for __rt_SIGRTMEM_inner
    defsig_rtmem_outer.o(.text) refers to defsig_exit.o(.text) for __sig_exit
    defsig_rtmem_formal.o(.text) refers to rt_raise.o(.text) for __rt_raise
    rt_raise.o(.text) refers to __raise.o(.text) for __raise
    rt_raise.o(.text) refers to sys_exit.o(.text) for _sys_exit
    defsig_exit.o(.text) refers to sys_exit.o(.text) for _sys_exit
    defsig_rtmem_inner.o(.text) refers to defsig_general.o(.text) for __default_signal_display
    __raise.o(.text) refers to defsig.o(CL$$defsig) for __default_signal_handler
    defsig_general.o(.text) refers to sys_wrch.o(.text) for _ttywrch
    sys_wrch.o(.text) refers (Special) to use_no_semi.o(.text) for __I$use$semihosting
    sys_wrch.o(.text) refers (Special) to indicate_semi.o(.text) for __semihosting_library_function
    defsig.o(CL$$defsig) refers to defsig_rtmem_inner.o(.text) for __rt_SIGRTMEM_inner
    defsig_abrt_inner.o(.text) refers to defsig_general.o(.text) for __default_signal_display
    defsig_fpe_inner.o(.text) refers to defsig_general.o(.text) for __default_signal_display
    defsig_rtred_inner.o(.text) refers to defsig_general.o(.text) for __default_signal_display
    defsig_stak_inner.o(.text) refers to defsig_general.o(.text) for __default_signal_display
    defsig_pvfn_inner.o(.text) refers to defsig_general.o(.text) for __default_signal_display
    defsig_cppl_inner.o(.text) refers to defsig_general.o(.text) for __default_signal_display
    defsig_segv_inner.o(.text) refers to defsig_general.o(.text) for __default_signal_display
    defsig_other.o(.text) refers to defsig_general.o(.text) for __default_signal_display


==============================================================================

Removing Unused input sections from the image.

    Removing gui_cryotargetcontroller.o(.rev16_text), (4 bytes).
    Removing gui_cryotargetcontroller.o(.revsh_text), (4 bytes).
    Removing gui_cryotargetcontroller.o(.rrx_text), (6 bytes).
    Removing main.o(.rev16_text), (4 bytes).
    Removing main.o(.revsh_text), (4 bytes).
    Removing main.o(.rrx_text), (6 bytes).
    Removing gui.o(.rev16_text), (4 bytes).
    Removing gui.o(.revsh_text), (4 bytes).
    Removing gui.o(.rrx_text), (6 bytes).
    Removing gui.o(i.GUI_canvasChangePenColor), (20 bytes).
    Removing gui.o(i.GUI_canvasClear), (128 bytes).
    Removing gui.o(i.GUI_canvasSetPenEraser), (24 bytes).
    Removing gui.o(i.GUI_createCanvas), (232 bytes).
    Removing gui.o(i.GUI_drawPicture), (8 bytes).
    Removing gui.o(i.GUI_drawPoint), (660 bytes).
    Removing gui.o(i.GUI_floatToStr), (200 bytes).
    Removing font.o(.rev16_text), (4 bytes).
    Removing font.o(.revsh_text), (4 bytes).
    Removing font.o(.rrx_text), (6 bytes).
    Removing picture.o(.rev16_text), (4 bytes).
    Removing picture.o(.revsh_text), (4 bytes).
    Removing picture.o(.rrx_text), (6 bytes).
    Removing cpu.o(.rev16_text), (4 bytes).
    Removing cpu.o(.revsh_text), (4 bytes).
    Removing cpu.o(.rrx_text), (6 bytes).
    Removing i2c.o(.rev16_text), (4 bytes).
    Removing i2c.o(.revsh_text), (4 bytes).
    Removing i2c.o(.rrx_text), (6 bytes).
    Removing i2c.o(i.I2C_read_data), (144 bytes).
    Removing lcd_ili9341.o(.rev16_text), (4 bytes).
    Removing lcd_ili9341.o(.revsh_text), (4 bytes).
    Removing lcd_ili9341.o(.rrx_text), (6 bytes).
    Removing spi.o(.rev16_text), (4 bytes).
    Removing spi.o(.revsh_text), (4 bytes).
    Removing spi.o(.rrx_text), (6 bytes).
    Removing timer.o(.rev16_text), (4 bytes).
    Removing timer.o(.revsh_text), (4 bytes).
    Removing timer.o(.rrx_text), (6 bytes).
    Removing timer.o(i.Timer2_Init), (60 bytes).
    Removing timer.o(i.delay_us), (36 bytes).
    Removing touch_ft6236.o(.rev16_text), (4 bytes).
    Removing touch_ft6236.o(.revsh_text), (4 bytes).
    Removing touch_ft6236.o(.rrx_text), (6 bytes).
    Removing touch_ft6236.o(i.FT6236_dataStruct_reset), (8 bytes).
    Removing system_mdr32f9qx.o(.rev16_text), (4 bytes).
    Removing system_mdr32f9qx.o(.revsh_text), (4 bytes).
    Removing system_mdr32f9qx.o(.rrx_text), (6 bytes).

47 unused section(s) (total 1688 bytes) removed from the image.

==============================================================================

Image Symbol Table

    Local Symbols

    Symbol Name                              Value     Ov Type        Size  Object(Section)

    ../clib/angel/boardlib.s                 0x00000000   Number         0  boardshut.o ABSOLUTE
    ../clib/angel/boardlib.s                 0x00000000   Number         0  boardinit3.o ABSOLUTE
    ../clib/angel/boardlib.s                 0x00000000   Number         0  boardinit2.o ABSOLUTE
    ../clib/angel/boardlib.s                 0x00000000   Number         0  boardinit1.o ABSOLUTE
    ../clib/angel/handlers.s                 0x00000000   Number         0  __scatter_copy.o ABSOLUTE
    ../clib/angel/handlers.s                 0x00000000   Number         0  __scatter_zi.o ABSOLUTE
    ../clib/angel/kernel.s                   0x00000000   Number         0  rtexit2.o ABSOLUTE
    ../clib/angel/kernel.s                   0x00000000   Number         0  rtexit.o ABSOLUTE
    ../clib/angel/kernel.s                   0x00000000   Number         0  __rtentry.o ABSOLUTE
    ../clib/angel/kernel.s                   0x00000000   Number         0  __rtentry4.o ABSOLUTE
    ../clib/angel/kernel.s                   0x00000000   Number         0  __rtentry2.o ABSOLUTE
    ../clib/angel/rt.s                       0x00000000   Number         0  rt_raise.o ABSOLUTE
    ../clib/angel/scatter.s                  0x00000000   Number         0  __scatter.o ABSOLUTE
    ../clib/angel/startup.s                  0x00000000   Number         0  __main.o ABSOLUTE
    ../clib/angel/sys.s                      0x00000000   Number         0  libspace.o ABSOLUTE
    ../clib/angel/sys.s                      0x00000000   Number         0  use_no_semi.o ABSOLUTE
    ../clib/angel/sys.s                      0x00000000   Number         0  sys_stackheap_outer.o ABSOLUTE
    ../clib/angel/sys.s                      0x00000000   Number         0  indicate_semi.o ABSOLUTE
    ../clib/angel/sysapp.c                   0x00000000   Number         0  sys_exit.o ABSOLUTE
    ../clib/angel/sysapp.c                   0x00000000   Number         0  sys_wrch.o ABSOLUTE
    ../clib/angel/sysapp.c                   0x00000000   Number         0  sys_command.o ABSOLUTE
    ../clib/armsys.c                         0x00000000   Number         0  _get_argv_nomalloc.o ABSOLUTE
    ../clib/armsys.c                         0x00000000   Number         0  argv_veneer.o ABSOLUTE
    ../clib/armsys.c                         0x00000000   Number         0  argv_veneer.o ABSOLUTE
    ../clib/armsys.c                         0x00000000   Number         0  no_argv.o ABSOLUTE
    ../clib/heapalloc.c                      0x00000000   Number         0  hrguard.o ABSOLUTE
    ../clib/heapaux.c                        0x00000000   Number         0  heapauxi.o ABSOLUTE
    ../clib/libinit.s                        0x00000000   Number         0  libinit.o ABSOLUTE
    ../clib/libinit.s                        0x00000000   Number         0  libinit2.o ABSOLUTE
    ../clib/libinit.s                        0x00000000   Number         0  libshutdown2.o ABSOLUTE
    ../clib/libinit.s                        0x00000000   Number         0  libshutdown.o ABSOLUTE
    ../clib/signal.c                         0x00000000   Number         0  defsig_abrt_inner.o ABSOLUTE
    ../clib/signal.c                         0x00000000   Number         0  defsig_rtmem_outer.o ABSOLUTE
    ../clib/signal.c                         0x00000000   Number         0  defsig_rtmem_formal.o ABSOLUTE
    ../clib/signal.c                         0x00000000   Number         0  defsig_exit.o ABSOLUTE
    ../clib/signal.c                         0x00000000   Number         0  defsig_rtmem_inner.o ABSOLUTE
    ../clib/signal.c                         0x00000000   Number         0  __raise.o ABSOLUTE
    ../clib/signal.c                         0x00000000   Number         0  defsig_general.o ABSOLUTE
    ../clib/signal.c                         0x00000000   Number         0  defsig_fpe_inner.o ABSOLUTE
    ../clib/signal.c                         0x00000000   Number         0  defsig_rtred_inner.o ABSOLUTE
    ../clib/signal.c                         0x00000000   Number         0  defsig_stak_inner.o ABSOLUTE
    ../clib/signal.c                         0x00000000   Number         0  defsig_other.o ABSOLUTE
    ../clib/signal.c                         0x00000000   Number         0  defsig_segv_inner.o ABSOLUTE
    ../clib/signal.c                         0x00000000   Number         0  defsig_cppl_inner.o ABSOLUTE
    ../clib/signal.c                         0x00000000   Number         0  defsig_pvfn_inner.o ABSOLUTE
    ../clib/signal.s                         0x00000000   Number         0  defsig.o ABSOLUTE
    ../clib/stdlib.c                         0x00000000   Number         0  exit.o ABSOLUTE
    ../fplib/fcmpi.s                         0x00000000   Number         0  fcmpi.o ABSOLUTE
    ../fplib/ffix.s                          0x00000000   Number         0  ffix.o ABSOLUTE
    ../fplib/fleqf.s                         0x00000000   Number         0  fleqf.o ABSOLUTE
    ../fplib/fmul.s                          0x00000000   Number         0  fmul.o ABSOLUTE
    ../fplib/fnaninf.s                       0x00000000   Number         0  fnaninf.o ABSOLUTE
    ../fplib/fpinit.s                        0x00000000   Number         0  fpinit.o ABSOLUTE
    ../fplib/fretinf.s                       0x00000000   Number         0  fretinf.o ABSOLUTE
    ../fplib/usenofp.s                       0x00000000   Number         0  usenofp.o ABSOLUTE
    RTE\Device\MDR1986BE92\startup_MDR32F9Qx.s 0x00000000   Number         0  startup_mdr32f9qx.o ABSOLUTE
    RTE\Device\MDR1986BE92\system_MDR32F9Qx.c 0x00000000   Number         0  system_mdr32f9qx.o ABSOLUTE
    RTE\\Device\\MDR1986BE92\\system_MDR32F9Qx.c 0x00000000   Number         0  system_mdr32f9qx.o ABSOLUTE
    dc.s                                     0x00000000   Number         0  dc.o ABSOLUTE
    lib\App_Layer\GUI_cryoTargetController.c 0x00000000   Number         0  gui_cryotargetcontroller.o ABSOLUTE
    lib\App_Layer\main.c                     0x00000000   Number         0  main.o ABSOLUTE
    lib\Func_Layer\Font.c                    0x00000000   Number         0  font.o ABSOLUTE
    lib\Func_Layer\GUI.c                     0x00000000   Number         0  gui.o ABSOLUTE
    lib\Func_Layer\Picture.c                 0x00000000   Number         0  picture.o ABSOLUTE
    lib\HW_Layer\CPU.c                       0x00000000   Number         0  cpu.o ABSOLUTE
    lib\HW_Layer\I2C.c                       0x00000000   Number         0  i2c.o ABSOLUTE
    lib\HW_Layer\LCD_ILI9341.c               0x00000000   Number         0  lcd_ili9341.o ABSOLUTE
    lib\HW_Layer\SPI.c                       0x00000000   Number         0  spi.o ABSOLUTE
    lib\HW_Layer\Timer.c                     0x00000000   Number         0  timer.o ABSOLUTE
    lib\HW_Layer\Touch_FT6236.c              0x00000000   Number         0  touch_ft6236.o ABSOLUTE
    lib\\App_Layer\\GUI_cryoTargetController.c 0x00000000   Number         0  gui_cryotargetcontroller.o ABSOLUTE
    lib\\App_Layer\\main.c                   0x00000000   Number         0  main.o ABSOLUTE
    lib\\Func_Layer\\Font.c                  0x00000000   Number         0  font.o ABSOLUTE
    lib\\Func_Layer\\GUI.c                   0x00000000   Number         0  gui.o ABSOLUTE
    lib\\Func_Layer\\Picture.c               0x00000000   Number         0  picture.o ABSOLUTE
    lib\\HW_Layer\\CPU.c                     0x00000000   Number         0  cpu.o ABSOLUTE
    lib\\HW_Layer\\I2C.c                     0x00000000   Number         0  i2c.o ABSOLUTE
    lib\\HW_Layer\\LCD_ILI9341.c             0x00000000   Number         0  lcd_ili9341.o ABSOLUTE
    lib\\HW_Layer\\SPI.c                     0x00000000   Number         0  spi.o ABSOLUTE
    lib\\HW_Layer\\Timer.c                   0x00000000   Number         0  timer.o ABSOLUTE
    lib\\HW_Layer\\Touch_FT6236.c            0x00000000   Number         0  touch_ft6236.o ABSOLUTE
    RESET                                    0x08000000   Section      192  startup_mdr32f9qx.o(RESET)
    !!!main                                  0x080000c0   Section        8  __main.o(!!!main)
    !!!scatter                               0x080000c8   Section       52  __scatter.o(!!!scatter)
    !!handler_copy                           0x080000fc   Section       26  __scatter_copy.o(!!handler_copy)
    !!handler_zi                             0x08000118   Section       28  __scatter_zi.o(!!handler_zi)
    .ARM.Collect$$libinit$$00000000          0x08000134   Section        2  libinit.o(.ARM.Collect$$libinit$$00000000)
    .ARM.Collect$$libinit$$00000002          0x08000136   Section        0  libinit2.o(.ARM.Collect$$libinit$$00000002)
    .ARM.Collect$$libinit$$00000004          0x08000136   Section        0  libinit2.o(.ARM.Collect$$libinit$$00000004)
    .ARM.Collect$$libinit$$0000000A          0x08000136   Section        0  libinit2.o(.ARM.Collect$$libinit$$0000000A)
    .ARM.Collect$$libinit$$0000000C          0x08000136   Section        0  libinit2.o(.ARM.Collect$$libinit$$0000000C)
    .ARM.Collect$$libinit$$0000000E          0x08000136   Section        0  libinit2.o(.ARM.Collect$$libinit$$0000000E)
    .ARM.Collect$$libinit$$00000011          0x08000136   Section        0  libinit2.o(.ARM.Collect$$libinit$$00000011)
    .ARM.Collect$$libinit$$00000013          0x08000136   Section        0  libinit2.o(.ARM.Collect$$libinit$$00000013)
    .ARM.Collect$$libinit$$00000015          0x08000136   Section        0  libinit2.o(.ARM.Collect$$libinit$$00000015)
    .ARM.Collect$$libinit$$00000017          0x08000136   Section        0  libinit2.o(.ARM.Collect$$libinit$$00000017)
    .ARM.Collect$$libinit$$00000019          0x08000136   Section        0  libinit2.o(.ARM.Collect$$libinit$$00000019)
    .ARM.Collect$$libinit$$0000001B          0x08000136   Section        0  libinit2.o(.ARM.Collect$$libinit$$0000001B)
    .ARM.Collect$$libinit$$0000001D          0x08000136   Section        0  libinit2.o(.ARM.Collect$$libinit$$0000001D)
    .ARM.Collect$$libinit$$0000001F          0x08000136   Section        0  libinit2.o(.ARM.Collect$$libinit$$0000001F)
    .ARM.Collect$$libinit$$00000021          0x08000136   Section        0  libinit2.o(.ARM.Collect$$libinit$$00000021)
    .ARM.Collect$$libinit$$00000023          0x08000136   Section        0  libinit2.o(.ARM.Collect$$libinit$$00000023)
    .ARM.Collect$$libinit$$00000025          0x08000136   Section        0  libinit2.o(.ARM.Collect$$libinit$$00000025)
    .ARM.Collect$$libinit$$0000002C          0x08000136   Section        0  libinit2.o(.ARM.Collect$$libinit$$0000002C)
    .ARM.Collect$$libinit$$0000002E          0x08000136   Section        0  libinit2.o(.ARM.Collect$$libinit$$0000002E)
    .ARM.Collect$$libinit$$00000030          0x08000136   Section        0  libinit2.o(.ARM.Collect$$libinit$$00000030)
    .ARM.Collect$$libinit$$00000032          0x08000136   Section        0  libinit2.o(.ARM.Collect$$libinit$$00000032)
    .ARM.Collect$$libinit$$00000033          0x08000136   Section        2  libinit2.o(.ARM.Collect$$libinit$$00000033)
    .ARM.Collect$$libshutdown$$00000000      0x08000138   Section        2  libshutdown.o(.ARM.Collect$$libshutdown$$00000000)
    .ARM.Collect$$libshutdown$$00000002      0x0800013a   Section        0  libshutdown2.o(.ARM.Collect$$libshutdown$$00000002)
    .ARM.Collect$$libshutdown$$00000004      0x0800013a   Section        0  libshutdown2.o(.ARM.Collect$$libshutdown$$00000004)
    .ARM.Collect$$libshutdown$$00000006      0x0800013a   Section        0  libshutdown2.o(.ARM.Collect$$libshutdown$$00000006)
    .ARM.Collect$$libshutdown$$00000009      0x0800013a   Section        0  libshutdown2.o(.ARM.Collect$$libshutdown$$00000009)
    .ARM.Collect$$libshutdown$$0000000C      0x0800013a   Section        0  libshutdown2.o(.ARM.Collect$$libshutdown$$0000000C)
    .ARM.Collect$$libshutdown$$0000000E      0x0800013a   Section        0  libshutdown2.o(.ARM.Collect$$libshutdown$$0000000E)
    .ARM.Collect$$libshutdown$$00000011      0x0800013a   Section        0  libshutdown2.o(.ARM.Collect$$libshutdown$$00000011)
    .ARM.Collect$$libshutdown$$00000012      0x0800013a   Section        2  libshutdown2.o(.ARM.Collect$$libshutdown$$00000012)
    .ARM.Collect$$rtentry$$00000000          0x0800013c   Section        0  __rtentry.o(.ARM.Collect$$rtentry$$00000000)
    .ARM.Collect$$rtentry$$00000002          0x0800013c   Section        0  __rtentry2.o(.ARM.Collect$$rtentry$$00000002)
    .ARM.Collect$$rtentry$$00000004          0x0800013c   Section        6  __rtentry4.o(.ARM.Collect$$rtentry$$00000004)
    .ARM.Collect$$rtentry$$00000009          0x08000142   Section        0  __rtentry2.o(.ARM.Collect$$rtentry$$00000009)
    .ARM.Collect$$rtentry$$0000000A          0x08000142   Section        4  __rtentry2.o(.ARM.Collect$$rtentry$$0000000A)
    .ARM.Collect$$rtentry$$0000000C          0x08000146   Section        0  __rtentry2.o(.ARM.Collect$$rtentry$$0000000C)
    .ARM.Collect$$rtentry$$0000000D          0x08000146   Section        8  __rtentry2.o(.ARM.Collect$$rtentry$$0000000D)
    .ARM.Collect$$rtexit$$00000000           0x0800014e   Section        2  rtexit.o(.ARM.Collect$$rtexit$$00000000)
    .ARM.Collect$$rtexit$$00000002           0x08000150   Section        0  rtexit2.o(.ARM.Collect$$rtexit$$00000002)
    .ARM.Collect$$rtexit$$00000003           0x08000150   Section        4  rtexit2.o(.ARM.Collect$$rtexit$$00000003)
    .ARM.Collect$$rtexit$$00000004           0x08000154   Section        6  rtexit2.o(.ARM.Collect$$rtexit$$00000004)
    .text                                    0x0800015c   Section       64  startup_mdr32f9qx.o(.text)
    .text                                    0x0800019c   Section        0  heapauxi.o(.text)
    .text                                    0x080001a2   Section       74  sys_stackheap_outer.o(.text)
    .text                                    0x080001ec   Section        0  exit.o(.text)
    .text                                    0x08000200   Section        8  libspace.o(.text)
    .text                                    0x08000208   Section        0  sys_exit.o(.text)
    .text                                    0x08000214   Section        2  use_no_semi.o(.text)
    .text                                    0x08000216   Section        0  indicate_semi.o(.text)
    i.CPU_init                               0x08000216   Section        0  cpu.o(i.CPU_init)
    i.CPU_set                                0x08000228   Section        0  cpu.o(i.CPU_set)
    i.Clock_Set                              0x08000254   Section        0  cpu.o(i.Clock_Set)
    i.EXT_INT3_IRQHandler                    0x08000264   Section        0  timer.o(i.EXT_INT3_IRQHandler)
    i.FT6236_checkInt                        0x08000270   Section        0  touch_ft6236.o(i.FT6236_checkInt)
    i.FT6236_get_Tpoint                      0x08000284   Section        0  touch_ft6236.o(i.FT6236_get_Tpoint)
    i.FT6236_init                            0x080002d4   Section        0  touch_ft6236.o(i.FT6236_init)
    i.FT6236_ports_init                      0x0800031c   Section        0  touch_ft6236.o(i.FT6236_ports_init)
    i.FT6236_reset                           0x0800037c   Section        0  touch_ft6236.o(i.FT6236_reset)
    i.GUI_CTC_buttonStateClick               0x080003d8   Section        0  gui_cryotargetcontroller.o(i.GUI_CTC_buttonStateClick)
    i.GUI_CTC_buttonTMinusClick              0x08000448   Section        0  gui_cryotargetcontroller.o(i.GUI_CTC_buttonTMinusClick)
    i.GUI_CTC_buttonTMinusDraw               0x08000474   Section        0  gui_cryotargetcontroller.o(i.GUI_CTC_buttonTMinusDraw)
    i.GUI_CTC_buttonTMinusReturnColor        0x0800049c   Section        0  gui_cryotargetcontroller.o(i.GUI_CTC_buttonTMinusReturnColor)
    i.GUI_CTC_buttonTPlusClick               0x080004c0   Section        0  gui_cryotargetcontroller.o(i.GUI_CTC_buttonTPlusClick)
    i.GUI_CTC_buttonTPlusDraw                0x080004ec   Section        0  gui_cryotargetcontroller.o(i.GUI_CTC_buttonTPlusDraw)
    i.GUI_CTC_buttonTPlusReturnColor         0x0800052c   Section        0  gui_cryotargetcontroller.o(i.GUI_CTC_buttonTPlusReturnColor)
    i.GUI_CTC_labelState                     0x08000550   Section        0  gui_cryotargetcontroller.o(i.GUI_CTC_labelState)
    i.GUI_CTC_labelTSetNum                   0x0800059c   Section        0  gui_cryotargetcontroller.o(i.GUI_CTC_labelTSetNum)
    i.GUI_CTC_objAction                      0x080005c0   Section        0  gui_cryotargetcontroller.o(i.GUI_CTC_objAction)
    i.GUI_CTC_pageLogoInit                   0x080005cc   Section        0  gui_cryotargetcontroller.o(i.GUI_CTC_pageLogoInit)
    i.GUI_CTC_pageMainInit                   0x080006e4   Section        0  gui_cryotargetcontroller.o(i.GUI_CTC_pageMainInit)
    i.GUI_Handler                            0x08000c68   Section        0  gui.o(i.GUI_Handler)
    i.GUI_buttonChangeMainColor              0x08000d68   Section        0  gui.o(i.GUI_buttonChangeMainColor)
    i.GUI_buttonChangeText                   0x08000e44   Section        0  gui.o(i.GUI_buttonChangeText)
    i.GUI_createButton                       0x08000fa4   Section        0  gui.o(i.GUI_createButton)
    i.GUI_createLabel                        0x08001198   Section        0  gui.o(i.GUI_createLabel)
    i.GUI_drawFilledFrame                    0x08001310   Section        0  gui.o(i.GUI_drawFilledFrame)
    i.GUI_drawFrame                          0x08001384   Section        0  gui.o(i.GUI_drawFrame)
    i.GUI_getTouchPoint                      0x080013e4   Section        0  gui.o(i.GUI_getTouchPoint)
    i.GUI_intToStr                           0x08001414   Section        0  gui.o(i.GUI_intToStr)
    i.GUI_labelChangeMainColor               0x0800148c   Section        0  gui.o(i.GUI_labelChangeMainColor)
    i.GUI_labelChangeText                    0x08001538   Section        0  gui.o(i.GUI_labelChangeText)
    i.GUI_objHandler                         0x08001650   Section        0  gui.o(i.GUI_objHandler)
    i.GUI_objSetHandlerFunc                  0x08001660   Section        0  gui.o(i.GUI_objSetHandlerFunc)
    i.GUI_objectListReset                    0x0800166c   Section        0  gui.o(i.GUI_objectListReset)
    i.I2C_init                               0x08001680   Section        0  i2c.o(i.I2C_init)
    i.I2C_port_init                          0x080016a0   Section        0  i2c.o(i.I2C_port_init)
    i.I2C_read_data_burst                    0x0800170c   Section        0  i2c.o(i.I2C_read_data_burst)
    i.I2C_reset                              0x080017c8   Section        0  i2c.o(i.I2C_reset)
    i.I2C_write_data                         0x080017e0   Section        0  i2c.o(i.I2C_write_data)
    i.LCD_drawFilledRectangle                0x0800184c   Section        0  lcd_ili9341.o(i.LCD_drawFilledRectangle)
    i.LCD_drawPicture                        0x080018d2   Section        0  lcd_ili9341.o(i.LCD_drawPicture)
    i.LCD_drawPixel                          0x0800197a   Section        0  lcd_ili9341.o(i.LCD_drawPixel)
    i.LCD_fill                               0x080019aa   Section        0  lcd_ili9341.o(i.LCD_fill)
    i.LCD_init                               0x080019e4   Section        0  lcd_ili9341.o(i.LCD_init)
    i.LCD_portCfg                            0x08001c5c   Section        0  lcd_ili9341.o(i.LCD_portCfg)
    i.LCD_printChar                          0x08001cbc   Section        0  lcd_ili9341.o(i.LCD_printChar)
    i.LCD_printString                        0x08001ddc   Section        0  lcd_ili9341.o(i.LCD_printString)
    i.LCD_sendCommand                        0x08001e20   Section        0  lcd_ili9341.o(i.LCD_sendCommand)
    i.LCD_sendData                           0x08001e58   Section        0  lcd_ili9341.o(i.LCD_sendData)
    i.LCD_setCursorPosition                  0x08001e90   Section        0  lcd_ili9341.o(i.LCD_setCursorPosition)
    i.PLL_init                               0x08001edc   Section        0  cpu.o(i.PLL_init)
    i.SPI2_Init                              0x08001f50   Section        0  spi.o(i.SPI2_Init)
    i.SPI2_PortCfg                           0x08001f7c   Section        0  spi.o(i.SPI2_PortCfg)
    i.SPI2_Reset                             0x08001fcc   Section        0  spi.o(i.SPI2_Reset)
    i.SPI2_sendData                          0x08001fe0   Section        0  spi.o(i.SPI2_sendData)
    i.SystemCoreClockUpdate                  0x08002008   Section        0  system_mdr32f9qx.o(i.SystemCoreClockUpdate)
    i.SystemInit                             0x08002098   Section        0  system_mdr32f9qx.o(i.SystemInit)
    i.Timer1_IRQHandler                      0x080020d8   Section        0  timer.o(i.Timer1_IRQHandler)
    i.Timer1_init                            0x0800214c   Section        0  timer.o(i.Timer1_init)
    i.Timer2_IRQHandler                      0x08002188   Section        0  timer.o(i.Timer2_IRQHandler)
    i.Timer3_IRQHandler                      0x080021a8   Section        0  timer.o(i.Timer3_IRQHandler)
    i.Timer3_Init                            0x080021d4   Section        0  timer.o(i.Timer3_Init)
    i.__NVIC_ClearPendingIRQ                 0x08002210   Section        0  timer.o(i.__NVIC_ClearPendingIRQ)
    __NVIC_ClearPendingIRQ                   0x08002211   Thumb Code    22  timer.o(i.__NVIC_ClearPendingIRQ)
    i.__NVIC_EnableIRQ                       0x0800222c   Section        0  timer.o(i.__NVIC_EnableIRQ)
    __NVIC_EnableIRQ                         0x0800222d   Thumb Code    34  timer.o(i.__NVIC_EnableIRQ)
    i.delay_ms                               0x08002250   Section        0  timer.o(i.delay_ms)
    i.main                                   0x08002278   Section        0  main.o(i.main)
    .constdata                               0x080022bc   Section     2616  font.o(.constdata)
    .constdata                               0x08002cf4   Section     3880  picture.o(.constdata)
    .data                                    0x20000000   Section       10  gui_cryotargetcontroller.o(.data)
    .data                                    0x2000000c   Section        5  timer.o(.data)
    .data                                    0x20000012   Section        4  touch_ft6236.o(.data)
    .data                                    0x20000018   Section        4  system_mdr32f9qx.o(.data)
    .bss                                     0x2000001c   Section     1068  gui.o(.bss)
    .bss                                     0x20000448   Section       96  libspace.o(.bss)
    HEAP                                     0x200004a8   Section      512  startup_mdr32f9qx.o(HEAP)
    Heap_Mem                                 0x200004a8   Data         512  startup_mdr32f9qx.o(HEAP)
    STACK                                    0x200006a8   Section     1024  startup_mdr32f9qx.o(STACK)
    Stack_Mem                                0x200006a8   Data        1024  startup_mdr32f9qx.o(STACK)
    __initial_sp                             0x20000aa8   Data           0  startup_mdr32f9qx.o(STACK)

    Global Symbols

    Symbol Name                              Value     Ov Type        Size  Object(Section)

    BuildAttributes$$THM_ISAv4$P$D$K$B$S$PE$A:L22UL41UL21$X:L11$S22US41US21$IEEE1$IW$USESV6$~STKCKD$USESV7$~SHL$OSPACE$ROPI$EBA8$UX$STANDARDLIB$REQ8$PRES8$EABIv2 0x00000000   Number         0  anon$$obj.o ABSOLUTE
    __ARM_use_no_argv                        0x00000000   Number         0  main.o ABSOLUTE
    __ARM_exceptions_init                     - Undefined Weak Reference
    __alloca_initialize                       - Undefined Weak Reference
    __arm_fini_                               - Undefined Weak Reference
    __arm_preinit_                            - Undefined Weak Reference
    __cpp_initialize__aeabi_                  - Undefined Weak Reference
    __cxa_finalize                            - Undefined Weak Reference
    __rt_locale                               - Undefined Weak Reference
    __sigvec_lookup                           - Undefined Weak Reference
    _atexit_init                              - Undefined Weak Reference
    _call_atexit_fns                          - Undefined Weak Reference
    _clock_init                               - Undefined Weak Reference
    _fp_trap_init                             - Undefined Weak Reference
    _fp_trap_shutdown                         - Undefined Weak Reference
    _get_lc_collate                           - Undefined Weak Reference
    _get_lc_ctype                             - Undefined Weak Reference
    _get_lc_monetary                          - Undefined Weak Reference
    _get_lc_numeric                           - Undefined Weak Reference
    _get_lc_time                              - Undefined Weak Reference
    _getenv_init                              - Undefined Weak Reference
    _handle_redirection                       - Undefined Weak Reference
    _init_alloc                               - Undefined Weak Reference
    _init_user_alloc                          - Undefined Weak Reference
    _initio                                   - Undefined Weak Reference
    _rand_init                                - Undefined Weak Reference
    _signal_finish                            - Undefined Weak Reference
    _signal_init                              - Undefined Weak Reference
    _terminate_alloc                          - Undefined Weak Reference
    _terminate_user_alloc                     - Undefined Weak Reference
    _terminateio                              - Undefined Weak Reference
    __Vectors_Size                           0x000000c0   Number         0  startup_mdr32f9qx.o ABSOLUTE
    __Vectors                                0x08000000   Data           4  startup_mdr32f9qx.o(RESET)
    __Vectors_End                            0x080000c0   Data           0  startup_mdr32f9qx.o(RESET)
    __main                                   0x080000c1   Thumb Code     8  __main.o(!!!main)
    __scatterload                            0x080000c9   Thumb Code     0  __scatter.o(!!!scatter)
    __scatterload_rt2                        0x080000c9   Thumb Code    44  __scatter.o(!!!scatter)
    __scatterload_rt2_thumb_only             0x080000c9   Thumb Code     0  __scatter.o(!!!scatter)
    __scatterload_null                       0x080000d7   Thumb Code     0  __scatter.o(!!!scatter)
    __scatterload_copy                       0x080000fd   Thumb Code    26  __scatter_copy.o(!!handler_copy)
    __scatterload_zeroinit                   0x08000119   Thumb Code    28  __scatter_zi.o(!!handler_zi)
    __rt_lib_init                            0x08000135   Thumb Code     0  libinit.o(.ARM.Collect$$libinit$$00000000)
    __rt_lib_init_alloca_1                   0x08000137   Thumb Code     0  libinit2.o(.ARM.Collect$$libinit$$0000002E)
    __rt_lib_init_argv_1                     0x08000137   Thumb Code     0  libinit2.o(.ARM.Collect$$libinit$$0000002C)
    __rt_lib_init_atexit_1                   0x08000137   Thumb Code     0  libinit2.o(.ARM.Collect$$libinit$$0000001B)
    __rt_lib_init_clock_1                    0x08000137   Thumb Code     0  libinit2.o(.ARM.Collect$$libinit$$00000021)
    __rt_lib_init_cpp_1                      0x08000137   Thumb Code     0  libinit2.o(.ARM.Collect$$libinit$$00000032)
    __rt_lib_init_exceptions_1               0x08000137   Thumb Code     0  libinit2.o(.ARM.Collect$$libinit$$00000030)
    __rt_lib_init_fp_1                       0x08000137   Thumb Code     0  libinit2.o(.ARM.Collect$$libinit$$00000002)
    __rt_lib_init_fp_trap_1                  0x08000137   Thumb Code     0  libinit2.o(.ARM.Collect$$libinit$$0000001F)
    __rt_lib_init_getenv_1                   0x08000137   Thumb Code     0  libinit2.o(.ARM.Collect$$libinit$$00000023)
    __rt_lib_init_heap_1                     0x08000137   Thumb Code     0  libinit2.o(.ARM.Collect$$libinit$$0000000A)
    __rt_lib_init_lc_collate_1               0x08000137   Thumb Code     0  libinit2.o(.ARM.Collect$$libinit$$00000011)
    __rt_lib_init_lc_ctype_1                 0x08000137   Thumb Code     0  libinit2.o(.ARM.Collect$$libinit$$00000013)
    __rt_lib_init_lc_monetary_1              0x08000137   Thumb Code     0  libinit2.o(.ARM.Collect$$libinit$$00000015)
    __rt_lib_init_lc_numeric_1               0x08000137   Thumb Code     0  libinit2.o(.ARM.Collect$$libinit$$00000017)
    __rt_lib_init_lc_time_1                  0x08000137   Thumb Code     0  libinit2.o(.ARM.Collect$$libinit$$00000019)
    __rt_lib_init_preinit_1                  0x08000137   Thumb Code     0  libinit2.o(.ARM.Collect$$libinit$$00000004)
    __rt_lib_init_rand_1                     0x08000137   Thumb Code     0  libinit2.o(.ARM.Collect$$libinit$$0000000E)
    __rt_lib_init_return                     0x08000137   Thumb Code     0  libinit2.o(.ARM.Collect$$libinit$$00000033)
    __rt_lib_init_signal_1                   0x08000137   Thumb Code     0  libinit2.o(.ARM.Collect$$libinit$$0000001D)
    __rt_lib_init_stdio_1                    0x08000137   Thumb Code     0  libinit2.o(.ARM.Collect$$libinit$$00000025)
    __rt_lib_init_user_alloc_1               0x08000137   Thumb Code     0  libinit2.o(.ARM.Collect$$libinit$$0000000C)
    __rt_lib_shutdown                        0x08000139   Thumb Code     0  libshutdown.o(.ARM.Collect$$libshutdown$$00000000)
    __rt_lib_shutdown_cpp_1                  0x0800013b   Thumb Code     0  libshutdown2.o(.ARM.Collect$$libshutdown$$00000004)
    __rt_lib_shutdown_fini_1                 0x0800013b   Thumb Code     0  libshutdown2.o(.ARM.Collect$$libshutdown$$00000002)
    __rt_lib_shutdown_fp_trap_1              0x0800013b   Thumb Code     0  libshutdown2.o(.ARM.Collect$$libshutdown$$00000009)
    __rt_lib_shutdown_heap_1                 0x0800013b   Thumb Code     0  libshutdown2.o(.ARM.Collect$$libshutdown$$00000011)
    __rt_lib_shutdown_return                 0x0800013b   Thumb Code     0  libshutdown2.o(.ARM.Collect$$libshutdown$$00000012)
    __rt_lib_shutdown_signal_1               0x0800013b   Thumb Code     0  libshutdown2.o(.ARM.Collect$$libshutdown$$0000000C)
    __rt_lib_shutdown_stdio_1                0x0800013b   Thumb Code     0  libshutdown2.o(.ARM.Collect$$libshutdown$$00000006)
    __rt_lib_shutdown_user_alloc_1           0x0800013b   Thumb Code     0  libshutdown2.o(.ARM.Collect$$libshutdown$$0000000E)
    __rt_entry                               0x0800013d   Thumb Code     0  __rtentry.o(.ARM.Collect$$rtentry$$00000000)
    __rt_entry_presh_1                       0x0800013d   Thumb Code     0  __rtentry2.o(.ARM.Collect$$rtentry$$00000002)
    __rt_entry_sh                            0x0800013d   Thumb Code     0  __rtentry4.o(.ARM.Collect$$rtentry$$00000004)
    __rt_entry_li                            0x08000143   Thumb Code     0  __rtentry2.o(.ARM.Collect$$rtentry$$0000000A)
    __rt_entry_postsh_1                      0x08000143   Thumb Code     0  __rtentry2.o(.ARM.Collect$$rtentry$$00000009)
    __rt_entry_main                          0x08000147   Thumb Code     0  __rtentry2.o(.ARM.Collect$$rtentry$$0000000D)
    __rt_entry_postli_1                      0x08000147   Thumb Code     0  __rtentry2.o(.ARM.Collect$$rtentry$$0000000C)
    __rt_exit                                0x0800014f   Thumb Code     0  rtexit.o(.ARM.Collect$$rtexit$$00000000)
    __rt_exit_ls                             0x08000151   Thumb Code     0  rtexit2.o(.ARM.Collect$$rtexit$$00000003)
    __rt_exit_prels_1                        0x08000151   Thumb Code     0  rtexit2.o(.ARM.Collect$$rtexit$$00000002)
    __rt_exit_exit                           0x08000155   Thumb Code     0  rtexit2.o(.ARM.Collect$$rtexit$$00000004)
    Reset_Handler                            0x0800015d   Thumb Code     8  startup_mdr32f9qx.o(.text)
    NMI_Handler                              0x08000165   Thumb Code     2  startup_mdr32f9qx.o(.text)
    HardFault_Handler                        0x08000167   Thumb Code     2  startup_mdr32f9qx.o(.text)
    MemManage_Handler                        0x08000169   Thumb Code     2  startup_mdr32f9qx.o(.text)
    BusFault_Handler                         0x0800016b   Thumb Code     2  startup_mdr32f9qx.o(.text)
    UsageFault_Handler                       0x0800016d   Thumb Code     2  startup_mdr32f9qx.o(.text)
    SVC_Handler                              0x0800016f   Thumb Code     2  startup_mdr32f9qx.o(.text)
    DebugMon_Handler                         0x08000171   Thumb Code     2  startup_mdr32f9qx.o(.text)
    PendSV_Handler                           0x08000173   Thumb Code     2  startup_mdr32f9qx.o(.text)
    SysTick_Handler                          0x08000175   Thumb Code     2  startup_mdr32f9qx.o(.text)
    ADC_IRQHandler                           0x08000177   Thumb Code     0  startup_mdr32f9qx.o(.text)
    BACKUP_IRQHandler                        0x08000177   Thumb Code     0  startup_mdr32f9qx.o(.text)
    CAN1_IRQHandler                          0x08000177   Thumb Code     0  startup_mdr32f9qx.o(.text)
    CAN2_IRQHandler                          0x08000177   Thumb Code     0  startup_mdr32f9qx.o(.text)
    COMPARATOR_IRQHandler                    0x08000177   Thumb Code     0  startup_mdr32f9qx.o(.text)
    DMA_IRQHandler                           0x08000177   Thumb Code     0  startup_mdr32f9qx.o(.text)
    EXT_INT1_IRQHandler                      0x08000177   Thumb Code     0  startup_mdr32f9qx.o(.text)
    EXT_INT2_IRQHandler                      0x08000177   Thumb Code     0  startup_mdr32f9qx.o(.text)
    EXT_INT4_IRQHandler                      0x08000177   Thumb Code     0  startup_mdr32f9qx.o(.text)
    I2C_IRQHandler                           0x08000177   Thumb Code     0  startup_mdr32f9qx.o(.text)
    POWER_IRQHandler                         0x08000177   Thumb Code     0  startup_mdr32f9qx.o(.text)
    SSP1_IRQHandler                          0x08000177   Thumb Code     0  startup_mdr32f9qx.o(.text)
    SSP2_IRQHandler                          0x08000177   Thumb Code     0  startup_mdr32f9qx.o(.text)
    UART1_IRQHandler                         0x08000177   Thumb Code     0  startup_mdr32f9qx.o(.text)
    UART2_IRQHandler                         0x08000177   Thumb Code     0  startup_mdr32f9qx.o(.text)
    USB_IRQHandler                           0x08000177   Thumb Code     0  startup_mdr32f9qx.o(.text)
    WWDG_IRQHandler                          0x08000177   Thumb Code     0  startup_mdr32f9qx.o(.text)
    __user_initial_stackheap                 0x08000179   Thumb Code     0  startup_mdr32f9qx.o(.text)
    __use_two_region_memory                  0x0800019d   Thumb Code     2  heapauxi.o(.text)
    __rt_heap_escrow$2region                 0x0800019f   Thumb Code     2  heapauxi.o(.text)
    __rt_heap_expand$2region                 0x080001a1   Thumb Code     2  heapauxi.o(.text)
    __user_setup_stackheap                   0x080001a3   Thumb Code    74  sys_stackheap_outer.o(.text)
    exit                                     0x080001ed   Thumb Code    18  exit.o(.text)
    __user_libspace                          0x08000201   Thumb Code     8  libspace.o(.text)
    __user_perproc_libspace                  0x08000201   Thumb Code     0  libspace.o(.text)
    __user_perthread_libspace                0x08000201   Thumb Code     0  libspace.o(.text)
    _sys_exit                                0x08000209   Thumb Code     8  sys_exit.o(.text)
    __I$use$semihosting                      0x08000215   Thumb Code     0  use_no_semi.o(.text)
    __use_no_semihosting_swi                 0x08000215   Thumb Code     2  use_no_semi.o(.text)
    CPU_init                                 0x08000217   Thumb Code    16  cpu.o(i.CPU_init)
    __semihosting_library_function           0x08000217   Thumb Code     0  indicate_semi.o(.text)
    CPU_set                                  0x08000229   Thumb Code    36  cpu.o(i.CPU_set)
    Clock_Set                                0x08000255   Thumb Code    10  cpu.o(i.Clock_Set)
    EXT_INT3_IRQHandler                      0x08000265   Thumb Code     8  timer.o(i.EXT_INT3_IRQHandler)
    FT6236_checkInt                          0x08000271   Thumb Code    16  touch_ft6236.o(i.FT6236_checkInt)
    FT6236_get_Tpoint                        0x08000285   Thumb Code    80  touch_ft6236.o(i.FT6236_get_Tpoint)
    FT6236_init                              0x080002d5   Thumb Code    72  touch_ft6236.o(i.FT6236_init)
    FT6236_ports_init                        0x0800031d   Thumb Code    86  touch_ft6236.o(i.FT6236_ports_init)
    FT6236_reset                             0x0800037d   Thumb Code    82  touch_ft6236.o(i.FT6236_reset)
    GUI_CTC_buttonStateClick                 0x080003d9   Thumb Code    90  gui_cryotargetcontroller.o(i.GUI_CTC_buttonStateClick)
    GUI_CTC_buttonTMinusClick                0x08000449   Thumb Code    34  gui_cryotargetcontroller.o(i.GUI_CTC_buttonTMinusClick)
    GUI_CTC_buttonTMinusDraw                 0x08000475   Thumb Code    38  gui_cryotargetcontroller.o(i.GUI_CTC_buttonTMinusDraw)
    GUI_CTC_buttonTMinusReturnColor          0x0800049d   Thumb Code    32  gui_cryotargetcontroller.o(i.GUI_CTC_buttonTMinusReturnColor)
    GUI_CTC_buttonTPlusClick                 0x080004c1   Thumb Code    34  gui_cryotargetcontroller.o(i.GUI_CTC_buttonTPlusClick)
    GUI_CTC_buttonTPlusDraw                  0x080004ed   Thumb Code    62  gui_cryotargetcontroller.o(i.GUI_CTC_buttonTPlusDraw)
    GUI_CTC_buttonTPlusReturnColor           0x0800052d   Thumb Code    32  gui_cryotargetcontroller.o(i.GUI_CTC_buttonTPlusReturnColor)
    GUI_CTC_labelState                       0x08000551   Thumb Code    56  gui_cryotargetcontroller.o(i.GUI_CTC_labelState)
    GUI_CTC_labelTSetNum                     0x0800059d   Thumb Code    30  gui_cryotargetcontroller.o(i.GUI_CTC_labelTSetNum)
    GUI_CTC_objAction                        0x080005c1   Thumb Code    12  gui_cryotargetcontroller.o(i.GUI_CTC_objAction)
    GUI_CTC_pageLogoInit                     0x080005cd   Thumb Code   158  gui_cryotargetcontroller.o(i.GUI_CTC_pageLogoInit)
    GUI_CTC_pageMainInit                     0x080006e5   Thumb Code  1382  gui_cryotargetcontroller.o(i.GUI_CTC_pageMainInit)
    GUI_Handler                              0x08000c69   Thumb Code   248  gui.o(i.GUI_Handler)
    GUI_buttonChangeMainColor                0x08000d69   Thumb Code   214  gui.o(i.GUI_buttonChangeMainColor)
    GUI_buttonChangeText                     0x08000e45   Thumb Code   346  gui.o(i.GUI_buttonChangeText)
    GUI_createButton                         0x08000fa5   Thumb Code   490  gui.o(i.GUI_createButton)
    GUI_createLabel                          0x08001199   Thumb Code   370  gui.o(i.GUI_createLabel)
    GUI_drawFilledFrame                      0x08001311   Thumb Code   116  gui.o(i.GUI_drawFilledFrame)
    GUI_drawFrame                            0x08001385   Thumb Code    94  gui.o(i.GUI_drawFrame)
    GUI_getTouchPoint                        0x080013e5   Thumb Code    40  gui.o(i.GUI_getTouchPoint)
    GUI_intToStr                             0x08001415   Thumb Code   120  gui.o(i.GUI_intToStr)
    GUI_labelChangeMainColor                 0x0800148d   Thumb Code   168  gui.o(i.GUI_labelChangeMainColor)
    GUI_labelChangeText                      0x08001539   Thumb Code   276  gui.o(i.GUI_labelChangeText)
    GUI_objHandler                           0x08001651   Thumb Code    12  gui.o(i.GUI_objHandler)
    GUI_objSetHandlerFunc                    0x08001661   Thumb Code     8  gui.o(i.GUI_objSetHandlerFunc)
    GUI_objectListReset                      0x0800166d   Thumb Code    16  gui.o(i.GUI_objectListReset)
    I2C_init                                 0x08001681   Thumb Code    26  i2c.o(i.I2C_init)
    I2C_port_init                            0x080016a1   Thumb Code   104  i2c.o(i.I2C_port_init)
    I2C_read_data_burst                      0x0800170d   Thumb Code   184  i2c.o(i.I2C_read_data_burst)
    I2C_reset                                0x080017c9   Thumb Code    20  i2c.o(i.I2C_reset)
    I2C_write_data                           0x080017e1   Thumb Code   104  i2c.o(i.I2C_write_data)
    LCD_drawFilledRectangle                  0x0800184d   Thumb Code   134  lcd_ili9341.o(i.LCD_drawFilledRectangle)
    LCD_drawPicture                          0x080018d3   Thumb Code   168  lcd_ili9341.o(i.LCD_drawPicture)
    LCD_drawPixel                            0x0800197b   Thumb Code    48  lcd_ili9341.o(i.LCD_drawPixel)
    LCD_fill                                 0x080019ab   Thumb Code    58  lcd_ili9341.o(i.LCD_fill)
    LCD_init                                 0x080019e5   Thumb Code   620  lcd_ili9341.o(i.LCD_init)
    LCD_portCfg                              0x08001c5d   Thumb Code    86  lcd_ili9341.o(i.LCD_portCfg)
    LCD_printChar                            0x08001cbd   Thumb Code   288  lcd_ili9341.o(i.LCD_printChar)
    LCD_printString                          0x08001ddd   Thumb Code    68  lcd_ili9341.o(i.LCD_printString)
    LCD_sendCommand                          0x08001e21   Thumb Code    48  lcd_ili9341.o(i.LCD_sendCommand)
    LCD_sendData                             0x08001e59   Thumb Code    48  lcd_ili9341.o(i.LCD_sendData)
    LCD_setCursorPosition                    0x08001e91   Thumb Code    76  lcd_ili9341.o(i.LCD_setCursorPosition)
    PLL_init                                 0x08001edd   Thumb Code   106  cpu.o(i.PLL_init)
    SPI2_Init                                0x08001f51   Thumb Code    36  spi.o(i.SPI2_Init)
    SPI2_PortCfg                             0x08001f7d   Thumb Code    76  spi.o(i.SPI2_PortCfg)
    SPI2_Reset                               0x08001fcd   Thumb Code    16  spi.o(i.SPI2_Reset)
    SPI2_sendData                            0x08001fe1   Thumb Code    34  spi.o(i.SPI2_sendData)
    SystemCoreClockUpdate                    0x08002009   Thumb Code   130  system_mdr32f9qx.o(i.SystemCoreClockUpdate)
    SystemInit                               0x08002099   Thumb Code    54  system_mdr32f9qx.o(i.SystemInit)
    Timer1_IRQHandler                        0x080020d9   Thumb Code   108  timer.o(i.Timer1_IRQHandler)
    Timer1_init                              0x0800214d   Thumb Code    48  timer.o(i.Timer1_init)
    Timer2_IRQHandler                        0x08002189   Thumb Code    24  timer.o(i.Timer2_IRQHandler)
    Timer3_IRQHandler                        0x080021a9   Thumb Code    34  timer.o(i.Timer3_IRQHandler)
    Timer3_Init                              0x080021d5   Thumb Code    46  timer.o(i.Timer3_Init)
    delay_ms                                 0x08002251   Thumb Code    32  timer.o(i.delay_ms)
    main                                     0x08002279   Thumb Code    66  main.o(i.main)
    calibri_14ptBitmaps                      0x080022bc   Data         590  font.o(.constdata)
    calibri_14ptDescriptorsBlock0            0x0800250a   Data          12  font.o(.constdata)
    calibri_14ptDescriptorsBlock1            0x08002516   Data          12  font.o(.constdata)
    calibri_14ptDescriptorsBlock2            0x08002522   Data           6  font.o(.constdata)
    calibri_14ptDescriptorsBlock3            0x08002528   Data           6  font.o(.constdata)
    calibri_14ptDescriptorsBlock4            0x0800252e   Data          12  font.o(.constdata)
    calibri_14ptDescriptorsBlock5            0x0800253a   Data          18  font.o(.constdata)
    calibri_14ptDescriptorsBlock6            0x0800254c   Data           6  font.o(.constdata)
    calibri_14ptDescriptorsBlock7            0x08002552   Data          12  font.o(.constdata)
    calibri_14ptDescriptorsBlock8            0x0800255e   Data          24  font.o(.constdata)
    calibri_14ptDescriptorsBlock9            0x08002576   Data           6  font.o(.constdata)
    calibri_14ptDescriptorsBlock10           0x0800257c   Data           6  font.o(.constdata)
    calibri_14ptDescriptorsBlock11           0x08002582   Data           6  font.o(.constdata)
    calibri_14ptDescriptorsBlock12           0x08002588   Data           6  font.o(.constdata)
    calibri_14ptDescriptorsBlock13           0x0800258e   Data          24  font.o(.constdata)
    calibri_14ptDescriptorsBlock14           0x080025a6   Data          42  font.o(.constdata)
    calibri_14ptDescriptorsBlock15           0x080025d0   Data           6  font.o(.constdata)
    calibri_14ptDescriptorsBlock16           0x080025d6   Data           6  font.o(.constdata)
    calibri_14ptDescriptorsBlock17           0x080025dc   Data           6  font.o(.constdata)
    calibri_14ptDescriptorsBlock18           0x080025e2   Data           6  font.o(.constdata)
    calibri_14ptBlockLookup                  0x080025e8   Data         152  font.o(.constdata)
    calibri_14ptFontInfo                     0x08002680   Data          20  font.o(.constdata)
    impact_18ptBitmaps                       0x08002694   Data        1242  font.o(.constdata)
    impact_18ptDescriptorsBlock0             0x08002b6e   Data           6  font.o(.constdata)
    impact_18ptDescriptorsBlock1             0x08002b74   Data          66  font.o(.constdata)
    impact_18ptDescriptorsBlock2             0x08002bb6   Data           6  font.o(.constdata)
    impact_18ptDescriptorsBlock3             0x08002bbc   Data          30  font.o(.constdata)
    impact_18ptDescriptorsBlock4             0x08002bda   Data          12  font.o(.constdata)
    impact_18ptDescriptorsBlock5             0x08002be6   Data          12  font.o(.constdata)
    impact_18ptDescriptorsBlock6             0x08002bf2   Data           6  font.o(.constdata)
    impact_18ptDescriptorsBlock7             0x08002bf8   Data           6  font.o(.constdata)
    impact_18ptDescriptorsBlock8             0x08002bfe   Data           6  font.o(.constdata)
    impact_18ptDescriptorsBlock9             0x08002c04   Data           6  font.o(.constdata)
    impact_18ptDescriptorsBlock10            0x08002c0a   Data           6  font.o(.constdata)
    impact_18ptDescriptorsBlock11            0x08002c10   Data           6  font.o(.constdata)
    impact_18ptDescriptorsBlock12            0x08002c16   Data          12  font.o(.constdata)
    impact_18ptDescriptorsBlock13            0x08002c22   Data          30  font.o(.constdata)
    impact_18ptDescriptorsBlock14            0x08002c40   Data          24  font.o(.constdata)
    impact_18ptDescriptorsBlock15            0x08002c58   Data           6  font.o(.constdata)
    impact_18ptBlockLookup                   0x08002c60   Data         128  font.o(.constdata)
    impact_18ptFontInfo                      0x08002ce0   Data          20  font.o(.constdata)
    logoJINRBitmaps                          0x08002cf4   Data        3400  picture.o(.constdata)
    logoJINRDescriptors                      0x08003a3c   Data           4  picture.o(.constdata)
    logoJINRInfo                             0x08003a40   Data           8  picture.o(.constdata)
    logoDialtekBlackBitmaps                  0x08003a48   Data         264  picture.o(.constdata)
    logoDialtekBlackDescriptors              0x08003b50   Data           4  picture.o(.constdata)
    logoDialtekBlackInfo                     0x08003b54   Data           8  picture.o(.constdata)
    logoDialtekGreenBitmaps                  0x08003b5c   Data         180  picture.o(.constdata)
    logoDialtekGreenDescriptors              0x08003c10   Data           4  picture.o(.constdata)
    logoDialtekGreenInfo                     0x08003c14   Data           8  picture.o(.constdata)
    Region$$Table$$Base                      0x08003c1c   Number         0  anon$$obj.o(Region$$Table)
    Region$$Table$$Limit                     0x08003c3c   Number         0  anon$$obj.o(Region$$Table)
    tempSetNum                               0x20000000   Data           4  gui_cryotargetcontroller.o(.data)
    strBufNum                                0x20000004   Data           6  gui_cryotargetcontroller.o(.data)
    Delay_dec                                0x2000000c   Data           4  timer.o(.data)
    extFlag                                  0x20000010   Data           1  timer.o(.data)
    FT6236_Tpoint                            0x20000012   Data           4  touch_ft6236.o(.data)
    SystemCoreClock                          0x20000018   Data           4  system_mdr32f9qx.o(.data)
    GUI                                      0x2000001c   Data        1068  gui.o(.bss)
    __libspace_start                         0x20000448   Data          96  libspace.o(.bss)
    __temporary_stack_top$libspace           0x200004a8   Data           0  libspace.o(.bss)



==============================================================================

Memory Map of the image

  Image Entry point : 0x0800015d

  Load Region LR_1 (Base: 0x08000000, Size: 0x00003c58, Max: 0xffffffff, ABSOLUTE)

    Execution Region ER_RO (Exec base: 0x08000000, Load base: 0x08000000, Size: 0x00003c3c, Max: 0xffffffff, ABSOLUTE)

    Exec Addr    Load Addr    Size         Type   Attr      Idx    E Section Name        Object

    0x08000000   0x08000000   0x000000c0   Data   RO          793    RESET               startup_mdr32f9qx.o
    0x080000c0   0x080000c0   0x00000008   Code   RO          841  * !!!main             c_w.l(__main.o)
    0x080000c8   0x080000c8   0x00000034   Code   RO         1015    !!!scatter          c_w.l(__scatter.o)
    0x080000fc   0x080000fc   0x0000001a   Code   RO         1017    !!handler_copy      c_w.l(__scatter_copy.o)
    0x08000116   0x08000116   0x00000002   PAD
    0x08000118   0x08000118   0x0000001c   Code   RO         1019    !!handler_zi        c_w.l(__scatter_zi.o)
    0x08000134   0x08000134   0x00000002   Code   RO          883    .ARM.Collect$$libinit$$00000000  c_w.l(libinit.o)
    0x08000136   0x08000136   0x00000000   Code   RO          890    .ARM.Collect$$libinit$$00000002  c_w.l(libinit2.o)
    0x08000136   0x08000136   0x00000000   Code   RO          892    .ARM.Collect$$libinit$$00000004  c_w.l(libinit2.o)
    0x08000136   0x08000136   0x00000000   Code   RO          895    .ARM.Collect$$libinit$$0000000A  c_w.l(libinit2.o)
    0x08000136   0x08000136   0x00000000   Code   RO          897    .ARM.Collect$$libinit$$0000000C  c_w.l(libinit2.o)
    0x08000136   0x08000136   0x00000000   Code   RO          899    .ARM.Collect$$libinit$$0000000E  c_w.l(libinit2.o)
    0x08000136   0x08000136   0x00000000   Code   RO          902    .ARM.Collect$$libinit$$00000011  c_w.l(libinit2.o)
    0x08000136   0x08000136   0x00000000   Code   RO          904    .ARM.Collect$$libinit$$00000013  c_w.l(libinit2.o)
    0x08000136   0x08000136   0x00000000   Code   RO          906    .ARM.Collect$$libinit$$00000015  c_w.l(libinit2.o)
    0x08000136   0x08000136   0x00000000   Code   RO          908    .ARM.Collect$$libinit$$00000017  c_w.l(libinit2.o)
    0x08000136   0x08000136   0x00000000   Code   RO          910    .ARM.Collect$$libinit$$00000019  c_w.l(libinit2.o)
    0x08000136   0x08000136   0x00000000   Code   RO          912    .ARM.Collect$$libinit$$0000001B  c_w.l(libinit2.o)
    0x08000136   0x08000136   0x00000000   Code   RO          914    .ARM.Collect$$libinit$$0000001D  c_w.l(libinit2.o)
    0x08000136   0x08000136   0x00000000   Code   RO          916    .ARM.Collect$$libinit$$0000001F  c_w.l(libinit2.o)
    0x08000136   0x08000136   0x00000000   Code   RO          918    .ARM.Collect$$libinit$$00000021  c_w.l(libinit2.o)
    0x08000136   0x08000136   0x00000000   Code   RO          920    .ARM.Collect$$libinit$$00000023  c_w.l(libinit2.o)
    0x08000136   0x08000136   0x00000000   Code   RO          922    .ARM.Collect$$libinit$$00000025  c_w.l(libinit2.o)
    0x08000136   0x08000136   0x00000000   Code   RO          926    .ARM.Collect$$libinit$$0000002C  c_w.l(libinit2.o)
    0x08000136   0x08000136   0x00000000   Code   RO          928    .ARM.Collect$$libinit$$0000002E  c_w.l(libinit2.o)
    0x08000136   0x08000136   0x00000000   Code   RO          930    .ARM.Collect$$libinit$$00000030  c_w.l(libinit2.o)
    0x08000136   0x08000136   0x00000000   Code   RO          932    .ARM.Collect$$libinit$$00000032  c_w.l(libinit2.o)
    0x08000136   0x08000136   0x00000002   Code   RO          933    .ARM.Collect$$libinit$$00000033  c_w.l(libinit2.o)
    0x08000138   0x08000138   0x00000002   Code   RO          953    .ARM.Collect$$libshutdown$$00000000  c_w.l(libshutdown.o)
    0x0800013a   0x0800013a   0x00000000   Code   RO          966    .ARM.Collect$$libshutdown$$00000002  c_w.l(libshutdown2.o)
    0x0800013a   0x0800013a   0x00000000   Code   RO          968    .ARM.Collect$$libshutdown$$00000004  c_w.l(libshutdown2.o)
    0x0800013a   0x0800013a   0x00000000   Code   RO          970    .ARM.Collect$$libshutdown$$00000006  c_w.l(libshutdown2.o)
    0x0800013a   0x0800013a   0x00000000   Code   RO          973    .ARM.Collect$$libshutdown$$00000009  c_w.l(libshutdown2.o)
    0x0800013a   0x0800013a   0x00000000   Code   RO          976    .ARM.Collect$$libshutdown$$0000000C  c_w.l(libshutdown2.o)
    0x0800013a   0x0800013a   0x00000000   Code   RO          978    .ARM.Collect$$libshutdown$$0000000E  c_w.l(libshutdown2.o)
    0x0800013a   0x0800013a   0x00000000   Code   RO          981    .ARM.Collect$$libshutdown$$00000011  c_w.l(libshutdown2.o)
    0x0800013a   0x0800013a   0x00000002   Code   RO          982    .ARM.Collect$$libshutdown$$00000012  c_w.l(libshutdown2.o)
    0x0800013c   0x0800013c   0x00000000   Code   RO          851    .ARM.Collect$$rtentry$$00000000  c_w.l(__rtentry.o)
    0x0800013c   0x0800013c   0x00000000   Code   RO          860    .ARM.Collect$$rtentry$$00000002  c_w.l(__rtentry2.o)
    0x0800013c   0x0800013c   0x00000006   Code   RO          872    .ARM.Collect$$rtentry$$00000004  c_w.l(__rtentry4.o)
    0x08000142   0x08000142   0x00000000   Code   RO          862    .ARM.Collect$$rtentry$$00000009  c_w.l(__rtentry2.o)
    0x08000142   0x08000142   0x00000004   Code   RO          863    .ARM.Collect$$rtentry$$0000000A  c_w.l(__rtentry2.o)
    0x08000146   0x08000146   0x00000000   Code   RO          865    .ARM.Collect$$rtentry$$0000000C  c_w.l(__rtentry2.o)
    0x08000146   0x08000146   0x00000008   Code   RO          866    .ARM.Collect$$rtentry$$0000000D  c_w.l(__rtentry2.o)
    0x0800014e   0x0800014e   0x00000002   Code   RO          887    .ARM.Collect$$rtexit$$00000000  c_w.l(rtexit.o)
    0x08000150   0x08000150   0x00000000   Code   RO          935    .ARM.Collect$$rtexit$$00000002  c_w.l(rtexit2.o)
    0x08000150   0x08000150   0x00000004   Code   RO          936    .ARM.Collect$$rtexit$$00000003  c_w.l(rtexit2.o)
    0x08000154   0x08000154   0x00000006   Code   RO          937    .ARM.Collect$$rtexit$$00000004  c_w.l(rtexit2.o)
    0x0800015a   0x0800015a   0x00000002   PAD
    0x0800015c   0x0800015c   0x00000040   Code   RO          794  * .text               startup_mdr32f9qx.o
    0x0800019c   0x0800019c   0x00000006   Code   RO          839    .text               c_w.l(heapauxi.o)
    0x080001a2   0x080001a2   0x0000004a   Code   RO          874    .text               c_w.l(sys_stackheap_outer.o)
    0x080001ec   0x080001ec   0x00000012   Code   RO          876    .text               c_w.l(exit.o)
    0x080001fe   0x080001fe   0x00000002   PAD
    0x08000200   0x08000200   0x00000008   Code   RO          884    .text               c_w.l(libspace.o)
    0x08000208   0x08000208   0x0000000c   Code   RO          945    .text               c_w.l(sys_exit.o)
    0x08000214   0x08000214   0x00000002   Code   RO          956    .text               c_w.l(use_no_semi.o)
    0x08000216   0x08000216   0x00000000   Code   RO          958    .text               c_w.l(indicate_semi.o)
    0x08000216   0x08000216   0x00000010   Code   RO          408    i.CPU_init          cpu.o
    0x08000226   0x08000226   0x00000002   PAD
    0x08000228   0x08000228   0x0000002c   Code   RO          409    i.CPU_set           cpu.o
    0x08000254   0x08000254   0x00000010   Code   RO          410    i.Clock_Set         cpu.o
    0x08000264   0x08000264   0x0000000c   Code   RO          642    i.EXT_INT3_IRQHandler  timer.o
    0x08000270   0x08000270   0x00000014   Code   RO          734    i.FT6236_checkInt   touch_ft6236.o
    0x08000284   0x08000284   0x00000050   Code   RO          736    i.FT6236_get_Tpoint  touch_ft6236.o
    0x080002d4   0x080002d4   0x00000048   Code   RO          737    i.FT6236_init       touch_ft6236.o
    0x0800031c   0x0800031c   0x00000060   Code   RO          738    i.FT6236_ports_init  touch_ft6236.o
    0x0800037c   0x0800037c   0x0000005c   Code   RO          739    i.FT6236_reset      touch_ft6236.o
    0x080003d8   0x080003d8   0x00000070   Code   RO            4    i.GUI_CTC_buttonStateClick  gui_cryotargetcontroller.o
    0x08000448   0x08000448   0x0000002c   Code   RO            5    i.GUI_CTC_buttonTMinusClick  gui_cryotargetcontroller.o
    0x08000474   0x08000474   0x00000026   Code   RO            6    i.GUI_CTC_buttonTMinusDraw  gui_cryotargetcontroller.o
    0x0800049a   0x0800049a   0x00000002   PAD
    0x0800049c   0x0800049c   0x00000024   Code   RO            7    i.GUI_CTC_buttonTMinusReturnColor  gui_cryotargetcontroller.o
    0x080004c0   0x080004c0   0x0000002c   Code   RO            8    i.GUI_CTC_buttonTPlusClick  gui_cryotargetcontroller.o
    0x080004ec   0x080004ec   0x0000003e   Code   RO            9    i.GUI_CTC_buttonTPlusDraw  gui_cryotargetcontroller.o
    0x0800052a   0x0800052a   0x00000002   PAD
    0x0800052c   0x0800052c   0x00000024   Code   RO           10    i.GUI_CTC_buttonTPlusReturnColor  gui_cryotargetcontroller.o
    0x08000550   0x08000550   0x0000004c   Code   RO           11    i.GUI_CTC_labelState  gui_cryotargetcontroller.o
    0x0800059c   0x0800059c   0x00000024   Code   RO           12    i.GUI_CTC_labelTSetNum  gui_cryotargetcontroller.o
    0x080005c0   0x080005c0   0x0000000c   Code   RO           13    i.GUI_CTC_objAction  gui_cryotargetcontroller.o
    0x080005cc   0x080005cc   0x00000118   Code   RO           14    i.GUI_CTC_pageLogoInit  gui_cryotargetcontroller.o
    0x080006e4   0x080006e4   0x00000584   Code   RO           15    i.GUI_CTC_pageMainInit  gui_cryotargetcontroller.o
    0x08000c68   0x08000c68   0x00000100   Code   RO          191    i.GUI_Handler       gui.o
    0x08000d68   0x08000d68   0x000000dc   Code   RO          192    i.GUI_buttonChangeMainColor  gui.o
    0x08000e44   0x08000e44   0x00000160   Code   RO          193    i.GUI_buttonChangeText  gui.o
    0x08000fa4   0x08000fa4   0x000001f4   Code   RO          197    i.GUI_createButton  gui.o
    0x08001198   0x08001198   0x00000178   Code   RO          199    i.GUI_createLabel   gui.o
    0x08001310   0x08001310   0x00000074   Code   RO          200    i.GUI_drawFilledFrame  gui.o
    0x08001384   0x08001384   0x0000005e   Code   RO          201    i.GUI_drawFrame     gui.o
    0x080013e2   0x080013e2   0x00000002   PAD
    0x080013e4   0x080013e4   0x00000030   Code   RO          205    i.GUI_getTouchPoint  gui.o
    0x08001414   0x08001414   0x00000078   Code   RO          206    i.GUI_intToStr      gui.o
    0x0800148c   0x0800148c   0x000000ac   Code   RO          207    i.GUI_labelChangeMainColor  gui.o
    0x08001538   0x08001538   0x00000118   Code   RO          208    i.GUI_labelChangeText  gui.o
    0x08001650   0x08001650   0x00000010   Code   RO          209    i.GUI_objHandler    gui.o
    0x08001660   0x08001660   0x0000000c   Code   RO          210    i.GUI_objSetHandlerFunc  gui.o
    0x0800166c   0x0800166c   0x00000014   Code   RO          211    i.GUI_objectListReset  gui.o
    0x08001680   0x08001680   0x00000020   Code   RO          453    i.I2C_init          i2c.o
    0x080016a0   0x080016a0   0x0000006c   Code   RO          454    i.I2C_port_init     i2c.o
    0x0800170c   0x0800170c   0x000000bc   Code   RO          456    i.I2C_read_data_burst  i2c.o
    0x080017c8   0x080017c8   0x00000018   Code   RO          457    i.I2C_reset         i2c.o
    0x080017e0   0x080017e0   0x0000006c   Code   RO          458    i.I2C_write_data    i2c.o
    0x0800184c   0x0800184c   0x00000086   Code   RO          510    i.LCD_drawFilledRectangle  lcd_ili9341.o
    0x080018d2   0x080018d2   0x000000a8   Code   RO          511    i.LCD_drawPicture   lcd_ili9341.o
    0x0800197a   0x0800197a   0x00000030   Code   RO          512    i.LCD_drawPixel     lcd_ili9341.o
    0x080019aa   0x080019aa   0x0000003a   Code   RO          513    i.LCD_fill          lcd_ili9341.o
    0x080019e4   0x080019e4   0x00000278   Code   RO          514    i.LCD_init          lcd_ili9341.o
    0x08001c5c   0x08001c5c   0x00000060   Code   RO          515    i.LCD_portCfg       lcd_ili9341.o
    0x08001cbc   0x08001cbc   0x00000120   Code   RO          516    i.LCD_printChar     lcd_ili9341.o
    0x08001ddc   0x08001ddc   0x00000044   Code   RO          517    i.LCD_printString   lcd_ili9341.o
    0x08001e20   0x08001e20   0x00000038   Code   RO          518    i.LCD_sendCommand   lcd_ili9341.o
    0x08001e58   0x08001e58   0x00000038   Code   RO          519    i.LCD_sendData      lcd_ili9341.o
    0x08001e90   0x08001e90   0x0000004c   Code   RO          520    i.LCD_setCursorPosition  lcd_ili9341.o
    0x08001edc   0x08001edc   0x00000074   Code   RO          411    i.PLL_init          cpu.o
    0x08001f50   0x08001f50   0x0000002c   Code   RO          597    i.SPI2_Init         spi.o
    0x08001f7c   0x08001f7c   0x00000050   Code   RO          598    i.SPI2_PortCfg      spi.o
    0x08001fcc   0x08001fcc   0x00000014   Code   RO          599    i.SPI2_Reset        spi.o
    0x08001fe0   0x08001fe0   0x00000028   Code   RO          600    i.SPI2_sendData     spi.o
    0x08002008   0x08002008   0x00000090   Code   RO          801    i.SystemCoreClockUpdate  system_mdr32f9qx.o
    0x08002098   0x08002098   0x00000040   Code   RO          802    i.SystemInit        system_mdr32f9qx.o
    0x080020d8   0x080020d8   0x00000074   Code   RO          643    i.Timer1_IRQHandler  timer.o
    0x0800214c   0x0800214c   0x0000003c   Code   RO          644    i.Timer1_init       timer.o
    0x08002188   0x08002188   0x00000020   Code   RO          645    i.Timer2_IRQHandler  timer.o
    0x080021a8   0x080021a8   0x0000002c   Code   RO          647    i.Timer3_IRQHandler  timer.o
    0x080021d4   0x080021d4   0x0000003c   Code   RO          648    i.Timer3_Init       timer.o
    0x08002210   0x08002210   0x0000001c   Code   RO          649    i.__NVIC_ClearPendingIRQ  timer.o
    0x0800222c   0x0800222c   0x00000022   Code   RO          650    i.__NVIC_EnableIRQ  timer.o
    0x0800224e   0x0800224e   0x00000002   PAD
    0x08002250   0x08002250   0x00000028   Code   RO          651    i.delay_ms          timer.o
    0x08002278   0x08002278   0x00000042   Code   RO          163    i.main              main.o
    0x080022ba   0x080022ba   0x00000002   PAD
    0x080022bc   0x080022bc   0x00000a38   Data   RO          352    .constdata          font.o
    0x08002cf4   0x08002cf4   0x00000f28   Data   RO          380    .constdata          picture.o
    0x08003c1c   0x08003c1c   0x00000020   Data   RO         1013    Region$$Table       anon$$obj.o


    Execution Region ER_RW (Exec base: 0x20000000, Load base: 0x08003c3c, Size: 0x0000001c, Max: 0xffffffff, ABSOLUTE)

    Exec Addr    Load Addr    Size         Type   Attr      Idx    E Section Name        Object

    0x20000000   0x08003c3c   0x0000000a   Data   RW           16    .data               gui_cryotargetcontroller.o
    0x2000000a   0x08003c46   0x00000002   PAD
    0x2000000c   0x08003c48   0x00000005   Data   RW          653    .data               timer.o
    0x20000011   0x08003c4d   0x00000001   PAD
    0x20000012   0x08003c4e   0x00000004   Data   RW          740    .data               touch_ft6236.o
    0x20000016   0x08003c52   0x00000002   PAD
    0x20000018   0x08003c54   0x00000004   Data   RW          803    .data               system_mdr32f9qx.o


    Execution Region ER_ZI (Exec base: 0x2000001c, Load base: 0x08003c58, Size: 0x00000a8c, Max: 0xffffffff, ABSOLUTE)

    Exec Addr    Load Addr    Size         Type   Attr      Idx    E Section Name        Object

    0x2000001c        -       0x0000042c   Zero   RW          212    .bss                gui.o
    0x20000448        -       0x00000060   Zero   RW          885    .bss                c_w.l(libspace.o)
    0x200004a8        -       0x00000200   Zero   RW          792    HEAP                startup_mdr32f9qx.o
    0x200006a8        -       0x00000400   Zero   RW          791    STACK               startup_mdr32f9qx.o


==============================================================================

Image component sizes


      Code (inc. data)   RO Data    RW Data    ZI Data      Debug   Object Name

       192         24          0          0          0       1788   cpu.o
         0          0       2616          0          0       4950   font.o
      2582         64          0          0       1068      12744   gui.o
      2188        332          0         10          0      59099   gui_cryotargetcontroller.o
       460         22          0          0          0       3270   i2c.o
      1680         38          0          0          0       8911   lcd_ili9341.o
        66          0          0          0          0        503   main.o
         0          0       3880          0          0       1673   picture.o
       184         22          0          0          0       1820   spi.o
        64         26        192          0       1536        836   startup_mdr32f9qx.o
       208         24          0          4          0       1459   system_mdr32f9qx.o
       426         70          0          5          0      31556   timer.o
       360         24          0          4          0       4391   touch_ft6236.o

    ----------------------------------------------------------------------
      8422        646       6720         28       2604     133000   Object Totals
         0          0         32          0          0          0   (incl. Generated)
        12          0          0          5          0          0   (incl. Padding)

    ----------------------------------------------------------------------

      Code (inc. data)   RO Data    RW Data    ZI Data      Debug   Library Member Name

         8          0          0          0          0         68   __main.o
         0          0          0          0          0          0   __rtentry.o
        12          0          0          0          0          0   __rtentry2.o
         6          0          0          0          0          0   __rtentry4.o
        52          8          0          0          0          0   __scatter.o
        26          0          0          0          0          0   __scatter_copy.o
        28          0          0          0          0          0   __scatter_zi.o
        18          0          0          0          0         80   exit.o
         6          0          0          0          0        152   heapauxi.o
         0          0          0          0          0          0   indicate_semi.o
         2          0          0          0          0          0   libinit.o
         2          0          0          0          0          0   libinit2.o
         2          0          0          0          0          0   libshutdown.o
         2          0          0          0          0          0   libshutdown2.o
         8          4          0          0         96         68   libspace.o
         2          0          0          0          0          0   rtexit.o
        10          0          0          0          0          0   rtexit2.o
        12          4          0          0          0         68   sys_exit.o
        74          0          0          0          0         80   sys_stackheap_outer.o
         2          0          0          0          0         68   use_no_semi.o

    ----------------------------------------------------------------------
       278         16          0          0         96        584   Library Totals
         6          0          0          0          0          0   (incl. Padding)

    ----------------------------------------------------------------------

      Code (inc. data)   RO Data    RW Data    ZI Data      Debug   Library Name

       272         16          0          0         96        584   c_w.l

    ----------------------------------------------------------------------
       278         16          0          0         96        584   Library Totals

    ----------------------------------------------------------------------

==============================================================================


      Code (inc. data)   RO Data    RW Data    ZI Data      Debug   

      8700        662       6720         28       2700     130096   Grand Totals
      8700        662       6720         28       2700     130096   ELF Image Totals
      8700        662       6720         28          0          0   ROM Totals

==============================================================================

    Total RO  Size (Code + RO Data)                15420 (  15.06kB)
    Total RW  Size (RW Data + ZI Data)              2728 (   2.66kB)
    Total ROM Size (Code + RO Data + RW Data)      15448 (  15.09kB)

==============================================================================

